<html>
<body>
<pre>
<h1>µVision Build Log</h1>
<h2>Tool Versions:</h2>
IDE-Version: ÂµVision V5.29.0.0
Copyright (C) 2019 ARM Ltd and ARM Germany GmbH. All rights reserved.
License Information: jacob ueltzen htwk Flex license: MDK Professional 5.29 (Flex): 25 user(s) (mdk_pro) Operation stops: 2 Mar 2021
 
Tool Versions:
Toolchain:       MDK Professional 5.29 (Flex): 25 user(s)  Version: 5.29.0.0
Toolchain Path:  C:\Keil_v5\ARM\ARMCC\Bin
C Compiler:      Armcc.exe V5.06 update 6 (build 750)
Assembler:       Armasm.exe V5.06 update 6 (build 750)
Linker/Locator:  ArmLink.exe V5.06 update 6 (build 750)
Library Manager: ArmAr.exe V5.06 update 6 (build 750)
Hex Converter:   FromElf.exe V5.06 update 6 (build 750)
CPU DLL:         SARMCM3.DLL V5.29.0.0
Dialog DLL:      DCM.DLL V1.17.3.0
Target DLL:      STLink\ST-LINKIII-KEIL_SWO.dll V3.0.7.0
Dialog DLL:      TCM.DLL V1.36.5.0
 
<h2>Project:</h2>
C:\Users\Jack\Desktop\mnist_final\mnist_cnn\mnist_cnn\MDK-ARM\mnist_cnn.uvprojx
Project File Date:  10/05/2020

<h2>Output:</h2>
*** Using Compiler 'V5.06 update 6 (build 750)', folder: 'C:\Keil_v5\ARM\ARMCC\Bin'
Build target 'mnist_cnn'
compiling main.c...
compiling usart.c...
compiling stm32f7xx_it.c...
compiling stm32f7xx_hal_msp.c...
compiling stm32f7xx_hal_timebase_tim.c...
compiling ts_calibration.c...
compiling stm32f7xx_hal_adc_ex.c...
compiling stm32f7xx_hal_adc.c...
compiling stm32f7xx_hal_rcc.c...
compiling stm32f7xx_hal_flash.c...
compiling stm32f7xx_hal_rcc_ex.c...
compiling stm32f7xx_hal_flash_ex.c...
compiling stm32f7xx_hal_dma.c...
compiling stm32f7xx_hal_gpio.c...
compiling stm32f7xx_hal_dma_ex.c...
compiling stm32f7xx_hal_pwr.c...
compiling stm32f7xx_hal_pwr_ex.c...
compiling stm32f7xx_hal_cortex.c...
compiling stm32f7xx_hal_i2c_ex.c...
compiling stm32f7xx_hal.c...
compiling stm32f7xx_hal_i2c.c...
compiling stm32f7xx_hal_exti.c...
compiling stm32f7xx_hal_crc_ex.c...
compiling stm32f7xx_hal_crc.c...
compiling stm32f7xx_ll_fmc.c...
compiling stm32f7xx_hal_qspi.c...
compiling stm32f7xx_hal_sram.c...
compiling stm32f7xx_hal_sai_ex.c...
compiling stm32f7xx_hal_sai.c...
compiling stm32f7xx_hal_spi.c...
compiling stm32f7xx_hal_spi_ex.c...
compiling stm32f7xx_hal_tim_ex.c...
compiling stm32f7xx_hal_tim.c...
compiling system_stm32f7xx.c...
compiling stm32f7xx_hal_uart.c...
compiling stm32f7xx_hal_uart_ex.c...
linking...
Program Size: Code=27640 RO-data=364824 RW-data=3000 ZI-data=41560  
FromELF: creating hex file...
"mnist_cnn\mnist_cnn.axf" - 0 Error(s), 0 Warning(s).

<h2>Software Packages used:</h2>

Package Vendor: ARM
                http://www.keil.com/pack/ARM.CMSIS.5.7.0.pack
                ARM.CMSIS.5.7.0
                CMSIS (Cortex Microcontroller Software Interface Standard)
   * Component: CORE Version: 5.4.0

Package Vendor: Keil
                http://www.keil.com/pack/Keil.STM32F7xx_DFP.2.12.0.pack
                Keil.STM32F7xx_DFP.2.12.0
                STMicroelectronics STM32F7 Series Device Support, Drivers and Examples

<h2>Collection of Component include folders:</h2>
  .\RTE\_mnist_cnn
  C:\Users\Jack\AppData\Local\Arm\Packs\ARM\CMSIS\5.7.0\CMSIS\Core\Include
  C:\Users\Jack\AppData\Local\Arm\Packs\Keil\STM32F7xx_DFP\2.12.0\Drivers\CMSIS\Device\ST\STM32F7xx\Include

<h2>Collection of Component Files used:</h2>

   * Component: ARM::CMSIS:CORE:5.4.0
Build Time Elapsed:  00:01:09
</pre>
</body>
</html>
