<!doctype html public "-//w3c//dtd html 4.0 transitional//en">
<html><head>
<title>Static Call Graph - [mnist_simple_nn\mnist_simple_nn.axf]</title></head>
<body><HR>
<H1>Static Call Graph for image mnist_simple_nn\mnist_simple_nn.axf</H1><HR>
<BR><P>#&#060CALLGRAPH&#062# ARM Linker, 5060750: Last Updated: Sat Oct 03 13:00:44 2020
<BR><P>
<H3>Maximum Stack Usage =        480 bytes + Unknown(Cycles, Untraceable Function Pointers)</H3><H3>
Call chain for Maximum Stack Depth:</H3>
main &rArr; Touchscreen_Calibration &rArr; TouchScreen_Calibration_GetPhysValues &rArr; TouchScreen_Calibration_WaitForPressedState &rArr; BSP_TS_GetState &rArr; BSP_TS_Get_GestureId &rArr; ft6x06_TS_GetGestureID &rArr; TS_IO_Read &rArr; I2Cx_ReadMultiple &rArr; HAL_I2C_Mem_Read &rArr; I2C_RequestMemoryRead &rArr; I2C_WaitOnTXISFlagUntilTimeout &rArr; I2C_IsAcknowledgeFailed
<P>
<H3>
Mutually Recursive functions
</H3> <LI><a href="#[37]">ADC_IRQHandler</a>&nbsp;&nbsp;&nbsp;&rArr;&nbsp;&nbsp;&nbsp;<a href="#[37]">ADC_IRQHandler</a><BR>
 <LI><a href="#[1f]">BusFault_Handler</a>&nbsp;&nbsp;&nbsp;&rArr;&nbsp;&nbsp;&nbsp;<a href="#[1f]">BusFault_Handler</a><BR>
 <LI><a href="#[1d]">HardFault_Handler</a>&nbsp;&nbsp;&nbsp;&rArr;&nbsp;&nbsp;&nbsp;<a href="#[1d]">HardFault_Handler</a><BR>
 <LI><a href="#[1e]">MemManage_Handler</a>&nbsp;&nbsp;&nbsp;&rArr;&nbsp;&nbsp;&nbsp;<a href="#[1e]">MemManage_Handler</a><BR>
 <LI><a href="#[20]">UsageFault_Handler</a>&nbsp;&nbsp;&nbsp;&rArr;&nbsp;&nbsp;&nbsp;<a href="#[20]">UsageFault_Handler</a><BR>
</UL>
<P>
<H3>
Function Pointers
</H3><UL>
 <LI><a href="#[37]">ADC_IRQHandler</a> from startup_stm32f723xx.o(.text) referenced from startup_stm32f723xx.o(RESET)
 <LI><a href="#[1f]">BusFault_Handler</a> from stm32f7xx_it.o(i.BusFault_Handler) referenced from startup_stm32f723xx.o(RESET)
 <LI><a href="#[39]">CAN1_RX0_IRQHandler</a> from startup_stm32f723xx.o(.text) referenced from startup_stm32f723xx.o(RESET)
 <LI><a href="#[3a]">CAN1_RX1_IRQHandler</a> from startup_stm32f723xx.o(.text) referenced from startup_stm32f723xx.o(RESET)
 <LI><a href="#[3b]">CAN1_SCE_IRQHandler</a> from startup_stm32f723xx.o(.text) referenced from startup_stm32f723xx.o(RESET)
 <LI><a href="#[38]">CAN1_TX_IRQHandler</a> from startup_stm32f723xx.o(.text) referenced from startup_stm32f723xx.o(RESET)
 <LI><a href="#[30]">DMA1_Stream0_IRQHandler</a> from startup_stm32f723xx.o(.text) referenced from startup_stm32f723xx.o(RESET)
 <LI><a href="#[31]">DMA1_Stream1_IRQHandler</a> from startup_stm32f723xx.o(.text) referenced from startup_stm32f723xx.o(RESET)
 <LI><a href="#[32]">DMA1_Stream2_IRQHandler</a> from startup_stm32f723xx.o(.text) referenced from startup_stm32f723xx.o(RESET)
 <LI><a href="#[33]">DMA1_Stream3_IRQHandler</a> from startup_stm32f723xx.o(.text) referenced from startup_stm32f723xx.o(RESET)
 <LI><a href="#[34]">DMA1_Stream4_IRQHandler</a> from startup_stm32f723xx.o(.text) referenced from startup_stm32f723xx.o(RESET)
 <LI><a href="#[35]">DMA1_Stream5_IRQHandler</a> from startup_stm32f723xx.o(.text) referenced from startup_stm32f723xx.o(RESET)
 <LI><a href="#[36]">DMA1_Stream6_IRQHandler</a> from startup_stm32f723xx.o(.text) referenced from startup_stm32f723xx.o(RESET)
 <LI><a href="#[54]">DMA1_Stream7_IRQHandler</a> from startup_stm32f723xx.o(.text) referenced from startup_stm32f723xx.o(RESET)
 <LI><a href="#[5d]">DMA2_Stream0_IRQHandler</a> from startup_stm32f723xx.o(.text) referenced from startup_stm32f723xx.o(RESET)
 <LI><a href="#[5e]">DMA2_Stream1_IRQHandler</a> from startup_stm32f723xx.o(.text) referenced from startup_stm32f723xx.o(RESET)
 <LI><a href="#[5f]">DMA2_Stream2_IRQHandler</a> from startup_stm32f723xx.o(.text) referenced from startup_stm32f723xx.o(RESET)
 <LI><a href="#[60]">DMA2_Stream3_IRQHandler</a> from startup_stm32f723xx.o(.text) referenced from startup_stm32f723xx.o(RESET)
 <LI><a href="#[61]">DMA2_Stream4_IRQHandler</a> from startup_stm32f723xx.o(.text) referenced from startup_stm32f723xx.o(RESET)
 <LI><a href="#[63]">DMA2_Stream5_IRQHandler</a> from startup_stm32f723xx.o(.text) referenced from startup_stm32f723xx.o(RESET)
 <LI><a href="#[64]">DMA2_Stream6_IRQHandler</a> from startup_stm32f723xx.o(.text) referenced from startup_stm32f723xx.o(RESET)
 <LI><a href="#[65]">DMA2_Stream7_IRQHandler</a> from startup_stm32f723xx.o(.text) referenced from startup_stm32f723xx.o(RESET)
 <LI><a href="#[22]">DebugMon_Handler</a> from stm32f7xx_it.o(i.DebugMon_Handler) referenced from startup_stm32f723xx.o(RESET)
 <LI><a href="#[2b]">EXTI0_IRQHandler</a> from startup_stm32f723xx.o(.text) referenced from startup_stm32f723xx.o(RESET)
 <LI><a href="#[4d]">EXTI15_10_IRQHandler</a> from startup_stm32f723xx.o(.text) referenced from startup_stm32f723xx.o(RESET)
 <LI><a href="#[2c]">EXTI1_IRQHandler</a> from startup_stm32f723xx.o(.text) referenced from startup_stm32f723xx.o(RESET)
 <LI><a href="#[2d]">EXTI2_IRQHandler</a> from startup_stm32f723xx.o(.text) referenced from startup_stm32f723xx.o(RESET)
 <LI><a href="#[2e]">EXTI3_IRQHandler</a> from startup_stm32f723xx.o(.text) referenced from startup_stm32f723xx.o(RESET)
 <LI><a href="#[2f]">EXTI4_IRQHandler</a> from startup_stm32f723xx.o(.text) referenced from startup_stm32f723xx.o(RESET)
 <LI><a href="#[3c]">EXTI9_5_IRQHandler</a> from startup_stm32f723xx.o(.text) referenced from startup_stm32f723xx.o(RESET)
 <LI><a href="#[29]">FLASH_IRQHandler</a> from startup_stm32f723xx.o(.text) referenced from startup_stm32f723xx.o(RESET)
 <LI><a href="#[55]">FMC_IRQHandler</a> from startup_stm32f723xx.o(.text) referenced from startup_stm32f723xx.o(RESET)
 <LI><a href="#[6e]">FPU_IRQHandler</a> from startup_stm32f723xx.o(.text) referenced from startup_stm32f723xx.o(RESET)
 <LI><a href="#[1d]">HardFault_Handler</a> from stm32f7xx_it.o(i.HardFault_Handler) referenced from startup_stm32f723xx.o(RESET)
 <LI><a href="#[45]">I2C1_ER_IRQHandler</a> from startup_stm32f723xx.o(.text) referenced from startup_stm32f723xx.o(RESET)
 <LI><a href="#[44]">I2C1_EV_IRQHandler</a> from startup_stm32f723xx.o(.text) referenced from startup_stm32f723xx.o(RESET)
 <LI><a href="#[47]">I2C2_ER_IRQHandler</a> from startup_stm32f723xx.o(.text) referenced from startup_stm32f723xx.o(RESET)
 <LI><a href="#[46]">I2C2_EV_IRQHandler</a> from startup_stm32f723xx.o(.text) referenced from startup_stm32f723xx.o(RESET)
 <LI><a href="#[68]">I2C3_ER_IRQHandler</a> from startup_stm32f723xx.o(.text) referenced from startup_stm32f723xx.o(RESET)
 <LI><a href="#[67]">I2C3_EV_IRQHandler</a> from startup_stm32f723xx.o(.text) referenced from startup_stm32f723xx.o(RESET)
 <LI><a href="#[76]">LPTIM1_IRQHandler</a> from startup_stm32f723xx.o(.text) referenced from startup_stm32f723xx.o(RESET)
 <LI><a href="#[1e]">MemManage_Handler</a> from stm32f7xx_it.o(i.MemManage_Handler) referenced from startup_stm32f723xx.o(RESET)
 <LI><a href="#[1c]">NMI_Handler</a> from stm32f7xx_it.o(i.NMI_Handler) referenced from startup_stm32f723xx.o(RESET)
 <LI><a href="#[62]">OTG_FS_IRQHandler</a> from startup_stm32f723xx.o(.text) referenced from startup_stm32f723xx.o(RESET)
 <LI><a href="#[4f]">OTG_FS_WKUP_IRQHandler</a> from startup_stm32f723xx.o(.text) referenced from startup_stm32f723xx.o(RESET)
 <LI><a href="#[6a]">OTG_HS_EP1_IN_IRQHandler</a> from startup_stm32f723xx.o(.text) referenced from startup_stm32f723xx.o(RESET)
 <LI><a href="#[69]">OTG_HS_EP1_OUT_IRQHandler</a> from startup_stm32f723xx.o(.text) referenced from startup_stm32f723xx.o(RESET)
 <LI><a href="#[6c]">OTG_HS_IRQHandler</a> from startup_stm32f723xx.o(.text) referenced from startup_stm32f723xx.o(RESET)
 <LI><a href="#[6b]">OTG_HS_WKUP_IRQHandler</a> from startup_stm32f723xx.o(.text) referenced from startup_stm32f723xx.o(RESET)
 <LI><a href="#[26]">PVD_IRQHandler</a> from startup_stm32f723xx.o(.text) referenced from startup_stm32f723xx.o(RESET)
 <LI><a href="#[23]">PendSV_Handler</a> from stm32f7xx_it.o(i.PendSV_Handler) referenced from startup_stm32f723xx.o(RESET)
 <LI><a href="#[75]">QUADSPI_IRQHandler</a> from startup_stm32f723xx.o(.text) referenced from startup_stm32f723xx.o(RESET)
 <LI><a href="#[2a]">RCC_IRQHandler</a> from startup_stm32f723xx.o(.text) referenced from startup_stm32f723xx.o(RESET)
 <LI><a href="#[6d]">RNG_IRQHandler</a> from startup_stm32f723xx.o(.text) referenced from startup_stm32f723xx.o(RESET)
 <LI><a href="#[4e]">RTC_Alarm_IRQHandler</a> from startup_stm32f723xx.o(.text) referenced from startup_stm32f723xx.o(RESET)
 <LI><a href="#[28]">RTC_WKUP_IRQHandler</a> from startup_stm32f723xx.o(.text) referenced from startup_stm32f723xx.o(RESET)
 <LI><a href="#[1b]">Reset_Handler</a> from startup_stm32f723xx.o(.text) referenced from startup_stm32f723xx.o(RESET)
 <LI><a href="#[73]">SAI1_IRQHandler</a> from startup_stm32f723xx.o(.text) referenced from startup_stm32f723xx.o(RESET)
 <LI><a href="#[74]">SAI2_IRQHandler</a> from startup_stm32f723xx.o(.text) referenced from startup_stm32f723xx.o(RESET)
 <LI><a href="#[56]">SDMMC1_IRQHandler</a> from startup_stm32f723xx.o(.text) referenced from startup_stm32f723xx.o(RESET)
 <LI><a href="#[77]">SDMMC2_IRQHandler</a> from startup_stm32f723xx.o(.text) referenced from startup_stm32f723xx.o(RESET)
 <LI><a href="#[48]">SPI1_IRQHandler</a> from startup_stm32f723xx.o(.text) referenced from startup_stm32f723xx.o(RESET)
 <LI><a href="#[49]">SPI2_IRQHandler</a> from startup_stm32f723xx.o(.text) referenced from startup_stm32f723xx.o(RESET)
 <LI><a href="#[58]">SPI3_IRQHandler</a> from startup_stm32f723xx.o(.text) referenced from startup_stm32f723xx.o(RESET)
 <LI><a href="#[71]">SPI4_IRQHandler</a> from startup_stm32f723xx.o(.text) referenced from startup_stm32f723xx.o(RESET)
 <LI><a href="#[72]">SPI5_IRQHandler</a> from startup_stm32f723xx.o(.text) referenced from startup_stm32f723xx.o(RESET)
 <LI><a href="#[d]">ST7789H2_DisplayOff</a> from st7789h2.o(i.ST7789H2_DisplayOff) referenced 2 times from st7789h2.o(.data)
 <LI><a href="#[c]">ST7789H2_DisplayOn</a> from st7789h2.o(i.ST7789H2_DisplayOn) referenced 2 times from st7789h2.o(.data)
 <LI><a href="#[16]">ST7789H2_DrawBitmap</a> from st7789h2.o(i.ST7789H2_DrawBitmap) referenced 2 times from st7789h2.o(.data)
 <LI><a href="#[12]">ST7789H2_DrawHLine</a> from st7789h2.o(i.ST7789H2_DrawHLine) referenced 2 times from st7789h2.o(.data)
 <LI><a href="#[17]">ST7789H2_DrawRGBImage</a> from st7789h2.o(i.ST7789H2_DrawRGBImage) referenced 2 times from st7789h2.o(.data)
 <LI><a href="#[13]">ST7789H2_DrawVLine</a> from st7789h2.o(i.ST7789H2_DrawVLine) referenced 2 times from st7789h2.o(.data)
 <LI><a href="#[15]">ST7789H2_GetLcdPixelHeight</a> from st7789h2.o(i.ST7789H2_GetLcdPixelHeight) referenced 2 times from st7789h2.o(.data)
 <LI><a href="#[14]">ST7789H2_GetLcdPixelWidth</a> from st7789h2.o(i.ST7789H2_GetLcdPixelWidth) referenced 2 times from st7789h2.o(.data)
 <LI><a href="#[a]">ST7789H2_Init</a> from st7789h2.o(i.ST7789H2_Init) referenced 2 times from st7789h2.o(.data)
 <LI><a href="#[b]">ST7789H2_ReadID</a> from st7789h2.o(i.ST7789H2_ReadID) referenced 2 times from st7789h2.o(.data)
 <LI><a href="#[10]">ST7789H2_ReadPixel</a> from st7789h2.o(i.ST7789H2_ReadPixel) referenced 2 times from st7789h2.o(.data)
 <LI><a href="#[e]">ST7789H2_SetCursor</a> from st7789h2.o(i.ST7789H2_SetCursor) referenced 2 times from st7789h2.o(.data)
 <LI><a href="#[11]">ST7789H2_SetDisplayWindow</a> from st7789h2.o(i.ST7789H2_SetDisplayWindow) referenced 2 times from st7789h2.o(.data)
 <LI><a href="#[f]">ST7789H2_WritePixel</a> from st7789h2.o(i.ST7789H2_WritePixel) referenced 2 times from st7789h2.o(.data)
 <LI><a href="#[21]">SVC_Handler</a> from stm32f7xx_it.o(i.SVC_Handler) referenced from startup_stm32f723xx.o(RESET)
 <LI><a href="#[24]">SysTick_Handler</a> from stm32f7xx_it.o(i.SysTick_Handler) referenced from startup_stm32f723xx.o(RESET)
 <LI><a href="#[79]">SystemInit</a> from system_stm32f7xx.o(i.SystemInit) referenced from startup_stm32f723xx.o(.text)
 <LI><a href="#[27]">TAMP_STAMP_IRQHandler</a> from startup_stm32f723xx.o(.text) referenced from startup_stm32f723xx.o(RESET)
 <LI><a href="#[3d]">TIM1_BRK_TIM9_IRQHandler</a> from startup_stm32f723xx.o(.text) referenced from startup_stm32f723xx.o(RESET)
 <LI><a href="#[40]">TIM1_CC_IRQHandler</a> from startup_stm32f723xx.o(.text) referenced from startup_stm32f723xx.o(RESET)
 <LI><a href="#[3f]">TIM1_TRG_COM_TIM11_IRQHandler</a> from startup_stm32f723xx.o(.text) referenced from startup_stm32f723xx.o(RESET)
 <LI><a href="#[3e]">TIM1_UP_TIM10_IRQHandler</a> from stm32f7xx_it.o(i.TIM1_UP_TIM10_IRQHandler) referenced from startup_stm32f723xx.o(RESET)
 <LI><a href="#[41]">TIM2_IRQHandler</a> from startup_stm32f723xx.o(.text) referenced from startup_stm32f723xx.o(RESET)
 <LI><a href="#[42]">TIM3_IRQHandler</a> from startup_stm32f723xx.o(.text) referenced from startup_stm32f723xx.o(RESET)
 <LI><a href="#[43]">TIM4_IRQHandler</a> from startup_stm32f723xx.o(.text) referenced from startup_stm32f723xx.o(RESET)
 <LI><a href="#[57]">TIM5_IRQHandler</a> from startup_stm32f723xx.o(.text) referenced from startup_stm32f723xx.o(RESET)
 <LI><a href="#[5b]">TIM6_DAC_IRQHandler</a> from startup_stm32f723xx.o(.text) referenced from startup_stm32f723xx.o(RESET)
 <LI><a href="#[5c]">TIM7_IRQHandler</a> from startup_stm32f723xx.o(.text) referenced from startup_stm32f723xx.o(RESET)
 <LI><a href="#[50]">TIM8_BRK_TIM12_IRQHandler</a> from startup_stm32f723xx.o(.text) referenced from startup_stm32f723xx.o(RESET)
 <LI><a href="#[53]">TIM8_CC_IRQHandler</a> from startup_stm32f723xx.o(.text) referenced from startup_stm32f723xx.o(RESET)
 <LI><a href="#[52]">TIM8_TRG_COM_TIM14_IRQHandler</a> from startup_stm32f723xx.o(.text) referenced from startup_stm32f723xx.o(RESET)
 <LI><a href="#[51]">TIM8_UP_TIM13_IRQHandler</a> from startup_stm32f723xx.o(.text) referenced from startup_stm32f723xx.o(RESET)
 <LI><a href="#[59]">UART4_IRQHandler</a> from startup_stm32f723xx.o(.text) referenced from startup_stm32f723xx.o(RESET)
 <LI><a href="#[5a]">UART5_IRQHandler</a> from startup_stm32f723xx.o(.text) referenced from startup_stm32f723xx.o(RESET)
 <LI><a href="#[6f]">UART7_IRQHandler</a> from startup_stm32f723xx.o(.text) referenced from startup_stm32f723xx.o(RESET)
 <LI><a href="#[70]">UART8_IRQHandler</a> from startup_stm32f723xx.o(.text) referenced from startup_stm32f723xx.o(RESET)
 <LI><a href="#[4a]">USART1_IRQHandler</a> from startup_stm32f723xx.o(.text) referenced from startup_stm32f723xx.o(RESET)
 <LI><a href="#[4b]">USART2_IRQHandler</a> from startup_stm32f723xx.o(.text) referenced from startup_stm32f723xx.o(RESET)
 <LI><a href="#[4c]">USART3_IRQHandler</a> from startup_stm32f723xx.o(.text) referenced from startup_stm32f723xx.o(RESET)
 <LI><a href="#[66]">USART6_IRQHandler</a> from startup_stm32f723xx.o(.text) referenced from startup_stm32f723xx.o(RESET)
 <LI><a href="#[20]">UsageFault_Handler</a> from stm32f7xx_it.o(i.UsageFault_Handler) referenced from startup_stm32f723xx.o(RESET)
 <LI><a href="#[25]">WWDG_IRQHandler</a> from startup_stm32f723xx.o(.text) referenced from startup_stm32f723xx.o(RESET)
 <LI><a href="#[7a]">__main</a> from entry.o(.ARM.Collect$$$$00000000) referenced from startup_stm32f723xx.o(.text)
 <LI><a href="#[7b]">_sputc</a> from printfa.o(i._sputc) referenced from printfa.o(i.__0sprintf)
 <LI><a href="#[18]">forward_dense</a> from layers_conv2d_generic_float.o(i.forward_dense) referenced 6 times from network.o(.data)
 <LI><a href="#[19]">forward_relu</a> from layers_nl_generic_float.o(i.forward_relu) referenced 4 times from network.o(.data)
 <LI><a href="#[1a]">forward_sm</a> from layers_nl_generic_float.o(i.forward_sm) referenced 2 times from network.o(.data)
 <LI><a href="#[0]">ft6x06_Init</a> from ft6x06.o(i.ft6x06_Init) referenced 2 times from ft6x06.o(.data)
 <LI><a href="#[1]">ft6x06_ReadID</a> from ft6x06.o(i.ft6x06_ReadID) referenced 2 times from ft6x06.o(.data)
 <LI><a href="#[2]">ft6x06_Reset</a> from ft6x06.o(i.ft6x06_Reset) referenced 2 times from ft6x06.o(.data)
 <LI><a href="#[7]">ft6x06_TS_ClearIT</a> from ft6x06.o(i.ft6x06_TS_ClearIT) referenced 2 times from ft6x06.o(.data)
 <LI><a href="#[4]">ft6x06_TS_DetectTouch</a> from ft6x06.o(i.ft6x06_TS_DetectTouch) referenced 2 times from ft6x06.o(.data)
 <LI><a href="#[9]">ft6x06_TS_DisableIT</a> from ft6x06.o(i.ft6x06_TS_DisableIT) referenced 2 times from ft6x06.o(.data)
 <LI><a href="#[6]">ft6x06_TS_EnableIT</a> from ft6x06.o(i.ft6x06_TS_EnableIT) referenced 2 times from ft6x06.o(.data)
 <LI><a href="#[5]">ft6x06_TS_GetXY</a> from ft6x06.o(i.ft6x06_TS_GetXY) referenced 2 times from ft6x06.o(.data)
 <LI><a href="#[8]">ft6x06_TS_ITStatus</a> from ft6x06.o(i.ft6x06_TS_ITStatus) referenced 2 times from ft6x06.o(.data)
 <LI><a href="#[3]">ft6x06_TS_Start</a> from ft6x06.o(i.ft6x06_TS_Start) referenced 2 times from ft6x06.o(.data)
 <LI><a href="#[78]">main</a> from main.o(i.main) referenced from entry9a.o(.ARM.Collect$$$$0000000B)
</UL>
<P>
<H3>
Global Symbols
</H3>
<P><STRONG><a name="[7a]"></a>__main</STRONG> (Thumb, 0 bytes, Stack size unknown bytes, entry.o(.ARM.Collect$$$$00000000))
<BR>[Address Reference Count : 1]<UL><LI> startup_stm32f723xx.o(.text)
</UL>
<P><STRONG><a name="[145]"></a>_main_stk</STRONG> (Thumb, 0 bytes, Stack size unknown bytes, entry2.o(.ARM.Collect$$$$00000001))

<P><STRONG><a name="[7c]"></a>_main_scatterload</STRONG> (Thumb, 0 bytes, Stack size unknown bytes, entry5.o(.ARM.Collect$$$$00000004))
<BR><BR>[Calls]<UL><LI><a href="#[7d]">&gt;&gt;</a>&nbsp;&nbsp;&nbsp;__scatterload
</UL>

<P><STRONG><a name="[8d]"></a>__main_after_scatterload</STRONG> (Thumb, 0 bytes, Stack size unknown bytes, entry5.o(.ARM.Collect$$$$00000004))
<BR><BR>[Called By]<UL><LI><a href="#[7d]">&gt;&gt;</a>&nbsp;&nbsp;&nbsp;__scatterload
</UL>

<P><STRONG><a name="[146]"></a>_main_clock</STRONG> (Thumb, 0 bytes, Stack size unknown bytes, entry7b.o(.ARM.Collect$$$$00000008))

<P><STRONG><a name="[147]"></a>_main_cpp_init</STRONG> (Thumb, 0 bytes, Stack size unknown bytes, entry8b.o(.ARM.Collect$$$$0000000A))

<P><STRONG><a name="[148]"></a>_main_init</STRONG> (Thumb, 0 bytes, Stack size unknown bytes, entry9a.o(.ARM.Collect$$$$0000000B))

<P><STRONG><a name="[149]"></a>__rt_final_cpp</STRONG> (Thumb, 0 bytes, Stack size unknown bytes, entry10a.o(.ARM.Collect$$$$0000000D))

<P><STRONG><a name="[14a]"></a>__rt_final_exit</STRONG> (Thumb, 0 bytes, Stack size unknown bytes, entry11a.o(.ARM.Collect$$$$0000000F))

<P><STRONG><a name="[1b]"></a>Reset_Handler</STRONG> (Thumb, 8 bytes, Stack size 0 bytes, startup_stm32f723xx.o(.text))
<BR>[Address Reference Count : 1]<UL><LI> startup_stm32f723xx.o(RESET)
</UL>
<P><STRONG><a name="[37]"></a>ADC_IRQHandler</STRONG> (Thumb, 0 bytes, Stack size 0 bytes, startup_stm32f723xx.o(.text))
<BR><BR>[Calls]<UL><LI><a href="#[37]">&gt;&gt;</a>&nbsp;&nbsp;&nbsp;ADC_IRQHandler
</UL>
<BR>[Called By]<UL><LI><a href="#[37]">&gt;&gt;</a>&nbsp;&nbsp;&nbsp;ADC_IRQHandler
</UL>
<BR>[Address Reference Count : 1]<UL><LI> startup_stm32f723xx.o(RESET)
</UL>
<P><STRONG><a name="[39]"></a>CAN1_RX0_IRQHandler</STRONG> (Thumb, 0 bytes, Stack size 0 bytes, startup_stm32f723xx.o(.text))
<BR>[Address Reference Count : 1]<UL><LI> startup_stm32f723xx.o(RESET)
</UL>
<P><STRONG><a name="[3a]"></a>CAN1_RX1_IRQHandler</STRONG> (Thumb, 0 bytes, Stack size 0 bytes, startup_stm32f723xx.o(.text))
<BR>[Address Reference Count : 1]<UL><LI> startup_stm32f723xx.o(RESET)
</UL>
<P><STRONG><a name="[3b]"></a>CAN1_SCE_IRQHandler</STRONG> (Thumb, 0 bytes, Stack size 0 bytes, startup_stm32f723xx.o(.text))
<BR>[Address Reference Count : 1]<UL><LI> startup_stm32f723xx.o(RESET)
</UL>
<P><STRONG><a name="[38]"></a>CAN1_TX_IRQHandler</STRONG> (Thumb, 0 bytes, Stack size 0 bytes, startup_stm32f723xx.o(.text))
<BR>[Address Reference Count : 1]<UL><LI> startup_stm32f723xx.o(RESET)
</UL>
<P><STRONG><a name="[30]"></a>DMA1_Stream0_IRQHandler</STRONG> (Thumb, 0 bytes, Stack size 0 bytes, startup_stm32f723xx.o(.text))
<BR>[Address Reference Count : 1]<UL><LI> startup_stm32f723xx.o(RESET)
</UL>
<P><STRONG><a name="[31]"></a>DMA1_Stream1_IRQHandler</STRONG> (Thumb, 0 bytes, Stack size 0 bytes, startup_stm32f723xx.o(.text))
<BR>[Address Reference Count : 1]<UL><LI> startup_stm32f723xx.o(RESET)
</UL>
<P><STRONG><a name="[32]"></a>DMA1_Stream2_IRQHandler</STRONG> (Thumb, 0 bytes, Stack size 0 bytes, startup_stm32f723xx.o(.text))
<BR>[Address Reference Count : 1]<UL><LI> startup_stm32f723xx.o(RESET)
</UL>
<P><STRONG><a name="[33]"></a>DMA1_Stream3_IRQHandler</STRONG> (Thumb, 0 bytes, Stack size 0 bytes, startup_stm32f723xx.o(.text))
<BR>[Address Reference Count : 1]<UL><LI> startup_stm32f723xx.o(RESET)
</UL>
<P><STRONG><a name="[34]"></a>DMA1_Stream4_IRQHandler</STRONG> (Thumb, 0 bytes, Stack size 0 bytes, startup_stm32f723xx.o(.text))
<BR>[Address Reference Count : 1]<UL><LI> startup_stm32f723xx.o(RESET)
</UL>
<P><STRONG><a name="[35]"></a>DMA1_Stream5_IRQHandler</STRONG> (Thumb, 0 bytes, Stack size 0 bytes, startup_stm32f723xx.o(.text))
<BR>[Address Reference Count : 1]<UL><LI> startup_stm32f723xx.o(RESET)
</UL>
<P><STRONG><a name="[36]"></a>DMA1_Stream6_IRQHandler</STRONG> (Thumb, 0 bytes, Stack size 0 bytes, startup_stm32f723xx.o(.text))
<BR>[Address Reference Count : 1]<UL><LI> startup_stm32f723xx.o(RESET)
</UL>
<P><STRONG><a name="[54]"></a>DMA1_Stream7_IRQHandler</STRONG> (Thumb, 0 bytes, Stack size 0 bytes, startup_stm32f723xx.o(.text))
<BR>[Address Reference Count : 1]<UL><LI> startup_stm32f723xx.o(RESET)
</UL>
<P><STRONG><a name="[5d]"></a>DMA2_Stream0_IRQHandler</STRONG> (Thumb, 0 bytes, Stack size 0 bytes, startup_stm32f723xx.o(.text))
<BR>[Address Reference Count : 1]<UL><LI> startup_stm32f723xx.o(RESET)
</UL>
<P><STRONG><a name="[5e]"></a>DMA2_Stream1_IRQHandler</STRONG> (Thumb, 0 bytes, Stack size 0 bytes, startup_stm32f723xx.o(.text))
<BR>[Address Reference Count : 1]<UL><LI> startup_stm32f723xx.o(RESET)
</UL>
<P><STRONG><a name="[5f]"></a>DMA2_Stream2_IRQHandler</STRONG> (Thumb, 0 bytes, Stack size 0 bytes, startup_stm32f723xx.o(.text))
<BR>[Address Reference Count : 1]<UL><LI> startup_stm32f723xx.o(RESET)
</UL>
<P><STRONG><a name="[60]"></a>DMA2_Stream3_IRQHandler</STRONG> (Thumb, 0 bytes, Stack size 0 bytes, startup_stm32f723xx.o(.text))
<BR>[Address Reference Count : 1]<UL><LI> startup_stm32f723xx.o(RESET)
</UL>
<P><STRONG><a name="[61]"></a>DMA2_Stream4_IRQHandler</STRONG> (Thumb, 0 bytes, Stack size 0 bytes, startup_stm32f723xx.o(.text))
<BR>[Address Reference Count : 1]<UL><LI> startup_stm32f723xx.o(RESET)
</UL>
<P><STRONG><a name="[63]"></a>DMA2_Stream5_IRQHandler</STRONG> (Thumb, 0 bytes, Stack size 0 bytes, startup_stm32f723xx.o(.text))
<BR>[Address Reference Count : 1]<UL><LI> startup_stm32f723xx.o(RESET)
</UL>
<P><STRONG><a name="[64]"></a>DMA2_Stream6_IRQHandler</STRONG> (Thumb, 0 bytes, Stack size 0 bytes, startup_stm32f723xx.o(.text))
<BR>[Address Reference Count : 1]<UL><LI> startup_stm32f723xx.o(RESET)
</UL>
<P><STRONG><a name="[65]"></a>DMA2_Stream7_IRQHandler</STRONG> (Thumb, 0 bytes, Stack size 0 bytes, startup_stm32f723xx.o(.text))
<BR>[Address Reference Count : 1]<UL><LI> startup_stm32f723xx.o(RESET)
</UL>
<P><STRONG><a name="[2b]"></a>EXTI0_IRQHandler</STRONG> (Thumb, 0 bytes, Stack size 0 bytes, startup_stm32f723xx.o(.text))
<BR>[Address Reference Count : 1]<UL><LI> startup_stm32f723xx.o(RESET)
</UL>
<P><STRONG><a name="[4d]"></a>EXTI15_10_IRQHandler</STRONG> (Thumb, 0 bytes, Stack size 0 bytes, startup_stm32f723xx.o(.text))
<BR>[Address Reference Count : 1]<UL><LI> startup_stm32f723xx.o(RESET)
</UL>
<P><STRONG><a name="[2c]"></a>EXTI1_IRQHandler</STRONG> (Thumb, 0 bytes, Stack size 0 bytes, startup_stm32f723xx.o(.text))
<BR>[Address Reference Count : 1]<UL><LI> startup_stm32f723xx.o(RESET)
</UL>
<P><STRONG><a name="[2d]"></a>EXTI2_IRQHandler</STRONG> (Thumb, 0 bytes, Stack size 0 bytes, startup_stm32f723xx.o(.text))
<BR>[Address Reference Count : 1]<UL><LI> startup_stm32f723xx.o(RESET)
</UL>
<P><STRONG><a name="[2e]"></a>EXTI3_IRQHandler</STRONG> (Thumb, 0 bytes, Stack size 0 bytes, startup_stm32f723xx.o(.text))
<BR>[Address Reference Count : 1]<UL><LI> startup_stm32f723xx.o(RESET)
</UL>
<P><STRONG><a name="[2f]"></a>EXTI4_IRQHandler</STRONG> (Thumb, 0 bytes, Stack size 0 bytes, startup_stm32f723xx.o(.text))
<BR>[Address Reference Count : 1]<UL><LI> startup_stm32f723xx.o(RESET)
</UL>
<P><STRONG><a name="[3c]"></a>EXTI9_5_IRQHandler</STRONG> (Thumb, 0 bytes, Stack size 0 bytes, startup_stm32f723xx.o(.text))
<BR>[Address Reference Count : 1]<UL><LI> startup_stm32f723xx.o(RESET)
</UL>
<P><STRONG><a name="[29]"></a>FLASH_IRQHandler</STRONG> (Thumb, 0 bytes, Stack size 0 bytes, startup_stm32f723xx.o(.text))
<BR>[Address Reference Count : 1]<UL><LI> startup_stm32f723xx.o(RESET)
</UL>
<P><STRONG><a name="[55]"></a>FMC_IRQHandler</STRONG> (Thumb, 0 bytes, Stack size 0 bytes, startup_stm32f723xx.o(.text))
<BR>[Address Reference Count : 1]<UL><LI> startup_stm32f723xx.o(RESET)
</UL>
<P><STRONG><a name="[6e]"></a>FPU_IRQHandler</STRONG> (Thumb, 0 bytes, Stack size 0 bytes, startup_stm32f723xx.o(.text))
<BR>[Address Reference Count : 1]<UL><LI> startup_stm32f723xx.o(RESET)
</UL>
<P><STRONG><a name="[45]"></a>I2C1_ER_IRQHandler</STRONG> (Thumb, 0 bytes, Stack size 0 bytes, startup_stm32f723xx.o(.text))
<BR>[Address Reference Count : 1]<UL><LI> startup_stm32f723xx.o(RESET)
</UL>
<P><STRONG><a name="[44]"></a>I2C1_EV_IRQHandler</STRONG> (Thumb, 0 bytes, Stack size 0 bytes, startup_stm32f723xx.o(.text))
<BR>[Address Reference Count : 1]<UL><LI> startup_stm32f723xx.o(RESET)
</UL>
<P><STRONG><a name="[47]"></a>I2C2_ER_IRQHandler</STRONG> (Thumb, 0 bytes, Stack size 0 bytes, startup_stm32f723xx.o(.text))
<BR>[Address Reference Count : 1]<UL><LI> startup_stm32f723xx.o(RESET)
</UL>
<P><STRONG><a name="[46]"></a>I2C2_EV_IRQHandler</STRONG> (Thumb, 0 bytes, Stack size 0 bytes, startup_stm32f723xx.o(.text))
<BR>[Address Reference Count : 1]<UL><LI> startup_stm32f723xx.o(RESET)
</UL>
<P><STRONG><a name="[68]"></a>I2C3_ER_IRQHandler</STRONG> (Thumb, 0 bytes, Stack size 0 bytes, startup_stm32f723xx.o(.text))
<BR>[Address Reference Count : 1]<UL><LI> startup_stm32f723xx.o(RESET)
</UL>
<P><STRONG><a name="[67]"></a>I2C3_EV_IRQHandler</STRONG> (Thumb, 0 bytes, Stack size 0 bytes, startup_stm32f723xx.o(.text))
<BR>[Address Reference Count : 1]<UL><LI> startup_stm32f723xx.o(RESET)
</UL>
<P><STRONG><a name="[76]"></a>LPTIM1_IRQHandler</STRONG> (Thumb, 0 bytes, Stack size 0 bytes, startup_stm32f723xx.o(.text))
<BR>[Address Reference Count : 1]<UL><LI> startup_stm32f723xx.o(RESET)
</UL>
<P><STRONG><a name="[62]"></a>OTG_FS_IRQHandler</STRONG> (Thumb, 0 bytes, Stack size 0 bytes, startup_stm32f723xx.o(.text))
<BR>[Address Reference Count : 1]<UL><LI> startup_stm32f723xx.o(RESET)
</UL>
<P><STRONG><a name="[4f]"></a>OTG_FS_WKUP_IRQHandler</STRONG> (Thumb, 0 bytes, Stack size 0 bytes, startup_stm32f723xx.o(.text))
<BR>[Address Reference Count : 1]<UL><LI> startup_stm32f723xx.o(RESET)
</UL>
<P><STRONG><a name="[6a]"></a>OTG_HS_EP1_IN_IRQHandler</STRONG> (Thumb, 0 bytes, Stack size 0 bytes, startup_stm32f723xx.o(.text))
<BR>[Address Reference Count : 1]<UL><LI> startup_stm32f723xx.o(RESET)
</UL>
<P><STRONG><a name="[69]"></a>OTG_HS_EP1_OUT_IRQHandler</STRONG> (Thumb, 0 bytes, Stack size 0 bytes, startup_stm32f723xx.o(.text))
<BR>[Address Reference Count : 1]<UL><LI> startup_stm32f723xx.o(RESET)
</UL>
<P><STRONG><a name="[6c]"></a>OTG_HS_IRQHandler</STRONG> (Thumb, 0 bytes, Stack size 0 bytes, startup_stm32f723xx.o(.text))
<BR>[Address Reference Count : 1]<UL><LI> startup_stm32f723xx.o(RESET)
</UL>
<P><STRONG><a name="[6b]"></a>OTG_HS_WKUP_IRQHandler</STRONG> (Thumb, 0 bytes, Stack size 0 bytes, startup_stm32f723xx.o(.text))
<BR>[Address Reference Count : 1]<UL><LI> startup_stm32f723xx.o(RESET)
</UL>
<P><STRONG><a name="[26]"></a>PVD_IRQHandler</STRONG> (Thumb, 0 bytes, Stack size 0 bytes, startup_stm32f723xx.o(.text))
<BR>[Address Reference Count : 1]<UL><LI> startup_stm32f723xx.o(RESET)
</UL>
<P><STRONG><a name="[75]"></a>QUADSPI_IRQHandler</STRONG> (Thumb, 0 bytes, Stack size 0 bytes, startup_stm32f723xx.o(.text))
<BR>[Address Reference Count : 1]<UL><LI> startup_stm32f723xx.o(RESET)
</UL>
<P><STRONG><a name="[2a]"></a>RCC_IRQHandler</STRONG> (Thumb, 0 bytes, Stack size 0 bytes, startup_stm32f723xx.o(.text))
<BR>[Address Reference Count : 1]<UL><LI> startup_stm32f723xx.o(RESET)
</UL>
<P><STRONG><a name="[6d]"></a>RNG_IRQHandler</STRONG> (Thumb, 0 bytes, Stack size 0 bytes, startup_stm32f723xx.o(.text))
<BR>[Address Reference Count : 1]<UL><LI> startup_stm32f723xx.o(RESET)
</UL>
<P><STRONG><a name="[4e]"></a>RTC_Alarm_IRQHandler</STRONG> (Thumb, 0 bytes, Stack size 0 bytes, startup_stm32f723xx.o(.text))
<BR>[Address Reference Count : 1]<UL><LI> startup_stm32f723xx.o(RESET)
</UL>
<P><STRONG><a name="[28]"></a>RTC_WKUP_IRQHandler</STRONG> (Thumb, 0 bytes, Stack size 0 bytes, startup_stm32f723xx.o(.text))
<BR>[Address Reference Count : 1]<UL><LI> startup_stm32f723xx.o(RESET)
</UL>
<P><STRONG><a name="[73]"></a>SAI1_IRQHandler</STRONG> (Thumb, 0 bytes, Stack size 0 bytes, startup_stm32f723xx.o(.text))
<BR>[Address Reference Count : 1]<UL><LI> startup_stm32f723xx.o(RESET)
</UL>
<P><STRONG><a name="[74]"></a>SAI2_IRQHandler</STRONG> (Thumb, 0 bytes, Stack size 0 bytes, startup_stm32f723xx.o(.text))
<BR>[Address Reference Count : 1]<UL><LI> startup_stm32f723xx.o(RESET)
</UL>
<P><STRONG><a name="[56]"></a>SDMMC1_IRQHandler</STRONG> (Thumb, 0 bytes, Stack size 0 bytes, startup_stm32f723xx.o(.text))
<BR>[Address Reference Count : 1]<UL><LI> startup_stm32f723xx.o(RESET)
</UL>
<P><STRONG><a name="[77]"></a>SDMMC2_IRQHandler</STRONG> (Thumb, 0 bytes, Stack size 0 bytes, startup_stm32f723xx.o(.text))
<BR>[Address Reference Count : 1]<UL><LI> startup_stm32f723xx.o(RESET)
</UL>
<P><STRONG><a name="[48]"></a>SPI1_IRQHandler</STRONG> (Thumb, 0 bytes, Stack size 0 bytes, startup_stm32f723xx.o(.text))
<BR>[Address Reference Count : 1]<UL><LI> startup_stm32f723xx.o(RESET)
</UL>
<P><STRONG><a name="[49]"></a>SPI2_IRQHandler</STRONG> (Thumb, 0 bytes, Stack size 0 bytes, startup_stm32f723xx.o(.text))
<BR>[Address Reference Count : 1]<UL><LI> startup_stm32f723xx.o(RESET)
</UL>
<P><STRONG><a name="[58]"></a>SPI3_IRQHandler</STRONG> (Thumb, 0 bytes, Stack size 0 bytes, startup_stm32f723xx.o(.text))
<BR>[Address Reference Count : 1]<UL><LI> startup_stm32f723xx.o(RESET)
</UL>
<P><STRONG><a name="[71]"></a>SPI4_IRQHandler</STRONG> (Thumb, 0 bytes, Stack size 0 bytes, startup_stm32f723xx.o(.text))
<BR>[Address Reference Count : 1]<UL><LI> startup_stm32f723xx.o(RESET)
</UL>
<P><STRONG><a name="[72]"></a>SPI5_IRQHandler</STRONG> (Thumb, 0 bytes, Stack size 0 bytes, startup_stm32f723xx.o(.text))
<BR>[Address Reference Count : 1]<UL><LI> startup_stm32f723xx.o(RESET)
</UL>
<P><STRONG><a name="[27]"></a>TAMP_STAMP_IRQHandler</STRONG> (Thumb, 0 bytes, Stack size 0 bytes, startup_stm32f723xx.o(.text))
<BR>[Address Reference Count : 1]<UL><LI> startup_stm32f723xx.o(RESET)
</UL>
<P><STRONG><a name="[3d]"></a>TIM1_BRK_TIM9_IRQHandler</STRONG> (Thumb, 0 bytes, Stack size 0 bytes, startup_stm32f723xx.o(.text))
<BR>[Address Reference Count : 1]<UL><LI> startup_stm32f723xx.o(RESET)
</UL>
<P><STRONG><a name="[40]"></a>TIM1_CC_IRQHandler</STRONG> (Thumb, 0 bytes, Stack size 0 bytes, startup_stm32f723xx.o(.text))
<BR>[Address Reference Count : 1]<UL><LI> startup_stm32f723xx.o(RESET)
</UL>
<P><STRONG><a name="[3f]"></a>TIM1_TRG_COM_TIM11_IRQHandler</STRONG> (Thumb, 0 bytes, Stack size 0 bytes, startup_stm32f723xx.o(.text))
<BR>[Address Reference Count : 1]<UL><LI> startup_stm32f723xx.o(RESET)
</UL>
<P><STRONG><a name="[41]"></a>TIM2_IRQHandler</STRONG> (Thumb, 0 bytes, Stack size 0 bytes, startup_stm32f723xx.o(.text))
<BR>[Address Reference Count : 1]<UL><LI> startup_stm32f723xx.o(RESET)
</UL>
<P><STRONG><a name="[42]"></a>TIM3_IRQHandler</STRONG> (Thumb, 0 bytes, Stack size 0 bytes, startup_stm32f723xx.o(.text))
<BR>[Address Reference Count : 1]<UL><LI> startup_stm32f723xx.o(RESET)
</UL>
<P><STRONG><a name="[43]"></a>TIM4_IRQHandler</STRONG> (Thumb, 0 bytes, Stack size 0 bytes, startup_stm32f723xx.o(.text))
<BR>[Address Reference Count : 1]<UL><LI> startup_stm32f723xx.o(RESET)
</UL>
<P><STRONG><a name="[57]"></a>TIM5_IRQHandler</STRONG> (Thumb, 0 bytes, Stack size 0 bytes, startup_stm32f723xx.o(.text))
<BR>[Address Reference Count : 1]<UL><LI> startup_stm32f723xx.o(RESET)
</UL>
<P><STRONG><a name="[5b]"></a>TIM6_DAC_IRQHandler</STRONG> (Thumb, 0 bytes, Stack size 0 bytes, startup_stm32f723xx.o(.text))
<BR>[Address Reference Count : 1]<UL><LI> startup_stm32f723xx.o(RESET)
</UL>
<P><STRONG><a name="[5c]"></a>TIM7_IRQHandler</STRONG> (Thumb, 0 bytes, Stack size 0 bytes, startup_stm32f723xx.o(.text))
<BR>[Address Reference Count : 1]<UL><LI> startup_stm32f723xx.o(RESET)
</UL>
<P><STRONG><a name="[50]"></a>TIM8_BRK_TIM12_IRQHandler</STRONG> (Thumb, 0 bytes, Stack size 0 bytes, startup_stm32f723xx.o(.text))
<BR>[Address Reference Count : 1]<UL><LI> startup_stm32f723xx.o(RESET)
</UL>
<P><STRONG><a name="[53]"></a>TIM8_CC_IRQHandler</STRONG> (Thumb, 0 bytes, Stack size 0 bytes, startup_stm32f723xx.o(.text))
<BR>[Address Reference Count : 1]<UL><LI> startup_stm32f723xx.o(RESET)
</UL>
<P><STRONG><a name="[52]"></a>TIM8_TRG_COM_TIM14_IRQHandler</STRONG> (Thumb, 0 bytes, Stack size 0 bytes, startup_stm32f723xx.o(.text))
<BR>[Address Reference Count : 1]<UL><LI> startup_stm32f723xx.o(RESET)
</UL>
<P><STRONG><a name="[51]"></a>TIM8_UP_TIM13_IRQHandler</STRONG> (Thumb, 0 bytes, Stack size 0 bytes, startup_stm32f723xx.o(.text))
<BR>[Address Reference Count : 1]<UL><LI> startup_stm32f723xx.o(RESET)
</UL>
<P><STRONG><a name="[59]"></a>UART4_IRQHandler</STRONG> (Thumb, 0 bytes, Stack size 0 bytes, startup_stm32f723xx.o(.text))
<BR>[Address Reference Count : 1]<UL><LI> startup_stm32f723xx.o(RESET)
</UL>
<P><STRONG><a name="[5a]"></a>UART5_IRQHandler</STRONG> (Thumb, 0 bytes, Stack size 0 bytes, startup_stm32f723xx.o(.text))
<BR>[Address Reference Count : 1]<UL><LI> startup_stm32f723xx.o(RESET)
</UL>
<P><STRONG><a name="[6f]"></a>UART7_IRQHandler</STRONG> (Thumb, 0 bytes, Stack size 0 bytes, startup_stm32f723xx.o(.text))
<BR>[Address Reference Count : 1]<UL><LI> startup_stm32f723xx.o(RESET)
</UL>
<P><STRONG><a name="[70]"></a>UART8_IRQHandler</STRONG> (Thumb, 0 bytes, Stack size 0 bytes, startup_stm32f723xx.o(.text))
<BR>[Address Reference Count : 1]<UL><LI> startup_stm32f723xx.o(RESET)
</UL>
<P><STRONG><a name="[4a]"></a>USART1_IRQHandler</STRONG> (Thumb, 0 bytes, Stack size 0 bytes, startup_stm32f723xx.o(.text))
<BR>[Address Reference Count : 1]<UL><LI> startup_stm32f723xx.o(RESET)
</UL>
<P><STRONG><a name="[4b]"></a>USART2_IRQHandler</STRONG> (Thumb, 0 bytes, Stack size 0 bytes, startup_stm32f723xx.o(.text))
<BR>[Address Reference Count : 1]<UL><LI> startup_stm32f723xx.o(RESET)
</UL>
<P><STRONG><a name="[4c]"></a>USART3_IRQHandler</STRONG> (Thumb, 0 bytes, Stack size 0 bytes, startup_stm32f723xx.o(.text))
<BR>[Address Reference Count : 1]<UL><LI> startup_stm32f723xx.o(RESET)
</UL>
<P><STRONG><a name="[66]"></a>USART6_IRQHandler</STRONG> (Thumb, 0 bytes, Stack size 0 bytes, startup_stm32f723xx.o(.text))
<BR>[Address Reference Count : 1]<UL><LI> startup_stm32f723xx.o(RESET)
</UL>
<P><STRONG><a name="[25]"></a>WWDG_IRQHandler</STRONG> (Thumb, 0 bytes, Stack size 0 bytes, startup_stm32f723xx.o(.text))
<BR>[Address Reference Count : 1]<UL><LI> startup_stm32f723xx.o(RESET)
</UL>
<P><STRONG><a name="[7e]"></a>__aeabi_uldivmod</STRONG> (Thumb, 98 bytes, Stack size 40 bytes, uldiv.o(.text))
<BR><BR>[Stack]<UL><LI>Max Depth = 40<LI>Call Chain = __aeabi_uldivmod
</UL>
<BR>[Calls]<UL><LI><a href="#[7f]">&gt;&gt;</a>&nbsp;&nbsp;&nbsp;__aeabi_llsr
<LI><a href="#[80]">&gt;&gt;</a>&nbsp;&nbsp;&nbsp;__aeabi_llsl
</UL>
<BR>[Called By]<UL><LI><a href="#[cf]">&gt;&gt;</a>&nbsp;&nbsp;&nbsp;HAL_RCC_GetSysClockFreq
<LI><a href="#[105]">&gt;&gt;</a>&nbsp;&nbsp;&nbsp;_printf_core
<LI><a href="#[10c]">&gt;&gt;</a>&nbsp;&nbsp;&nbsp;_fp_digits
</UL>

<P><STRONG><a name="[114]"></a>__aeabi_memcpy</STRONG> (Thumb, 36 bytes, Stack size 0 bytes, memcpya.o(.text))
<BR><BR>[Called By]<UL><LI><a href="#[115]">&gt;&gt;</a>&nbsp;&nbsp;&nbsp;_platform_network_state_update_output
<LI><a href="#[113]">&gt;&gt;</a>&nbsp;&nbsp;&nbsp;_platform_network_state_update_input
</UL>

<P><STRONG><a name="[119]"></a>__aeabi_memcpy4</STRONG> (Thumb, 0 bytes, Stack size 0 bytes, memcpya.o(.text))
<BR><BR>[Called By]<UL><LI><a href="#[131]">&gt;&gt;</a>&nbsp;&nbsp;&nbsp;draw_touch_position
<LI><a href="#[f0]">&gt;&gt;</a>&nbsp;&nbsp;&nbsp;aiInit
<LI><a href="#[128]">&gt;&gt;</a>&nbsp;&nbsp;&nbsp;ai_platform_network_init
</UL>

<P><STRONG><a name="[14b]"></a>__aeabi_memcpy8</STRONG> (Thumb, 0 bytes, Stack size 0 bytes, memcpya.o(.text), UNUSED)

<P><STRONG><a name="[82]"></a>__aeabi_memset</STRONG> (Thumb, 14 bytes, Stack size 0 bytes, memseta.o(.text), UNUSED)
<BR><BR>[Called By]<UL><LI><a href="#[83]">&gt;&gt;</a>&nbsp;&nbsp;&nbsp;_memset$wrapper
<LI><a href="#[81]">&gt;&gt;</a>&nbsp;&nbsp;&nbsp;__aeabi_memclr
</UL>

<P><STRONG><a name="[14c]"></a>__aeabi_memset4</STRONG> (Thumb, 0 bytes, Stack size 0 bytes, memseta.o(.text), UNUSED)

<P><STRONG><a name="[14d]"></a>__aeabi_memset8</STRONG> (Thumb, 0 bytes, Stack size 0 bytes, memseta.o(.text), UNUSED)

<P><STRONG><a name="[81]"></a>__aeabi_memclr</STRONG> (Thumb, 4 bytes, Stack size 0 bytes, memseta.o(.text), UNUSED)
<BR><BR>[Calls]<UL><LI><a href="#[82]">&gt;&gt;</a>&nbsp;&nbsp;&nbsp;__aeabi_memset
</UL>

<P><STRONG><a name="[b5]"></a>__aeabi_memclr4</STRONG> (Thumb, 0 bytes, Stack size 0 bytes, memseta.o(.text))
<BR><BR>[Called By]<UL><LI><a href="#[b9]">&gt;&gt;</a>&nbsp;&nbsp;&nbsp;HAL_I2C_MspInit
<LI><a href="#[b4]">&gt;&gt;</a>&nbsp;&nbsp;&nbsp;HAL_FMC_MspInit
<LI><a href="#[f7]">&gt;&gt;</a>&nbsp;&nbsp;&nbsp;SystemClock_Config
<LI><a href="#[f1]">&gt;&gt;</a>&nbsp;&nbsp;&nbsp;Reset_Pred
</UL>

<P><STRONG><a name="[14e]"></a>__aeabi_memclr8</STRONG> (Thumb, 0 bytes, Stack size 0 bytes, memseta.o(.text), UNUSED)

<P><STRONG><a name="[83]"></a>_memset$wrapper</STRONG> (Thumb, 18 bytes, Stack size 8 bytes, memseta.o(.text), UNUSED)
<BR><BR>[Calls]<UL><LI><a href="#[82]">&gt;&gt;</a>&nbsp;&nbsp;&nbsp;__aeabi_memset
</UL>

<P><STRONG><a name="[122]"></a>memcmp</STRONG> (Thumb, 26 bytes, Stack size 12 bytes, memcmp.o(.text))
<BR><BR>[Stack]<UL><LI>Max Depth = 12<LI>Call Chain = memcmp
</UL>
<BR>[Called By]<UL><LI><a href="#[121]">&gt;&gt;</a>&nbsp;&nbsp;&nbsp;ai_check_custom_types
</UL>

<P><STRONG><a name="[141]"></a>__aeabi_f2d</STRONG> (Thumb, 38 bytes, Stack size 0 bytes, f2d.o(.text))
<BR><BR>[Called By]<UL><LI><a href="#[78]">&gt;&gt;</a>&nbsp;&nbsp;&nbsp;main
</UL>

<P><STRONG><a name="[14f]"></a>__aeabi_uidiv</STRONG> (Thumb, 0 bytes, Stack size 12 bytes, uidiv.o(.text), UNUSED)

<P><STRONG><a name="[118]"></a>__aeabi_uidivmod</STRONG> (Thumb, 44 bytes, Stack size 12 bytes, uidiv.o(.text), UNUSED)
<BR><BR>[Called By]<UL><LI><a href="#[105]">&gt;&gt;</a>&nbsp;&nbsp;&nbsp;_printf_core
</UL>

<P><STRONG><a name="[80]"></a>__aeabi_llsl</STRONG> (Thumb, 30 bytes, Stack size 0 bytes, llshl.o(.text))
<BR><BR>[Called By]<UL><LI><a href="#[7e]">&gt;&gt;</a>&nbsp;&nbsp;&nbsp;__aeabi_uldivmod
<LI><a href="#[86]">&gt;&gt;</a>&nbsp;&nbsp;&nbsp;_double_epilogue
<LI><a href="#[84]">&gt;&gt;</a>&nbsp;&nbsp;&nbsp;__aeabi_dadd
<LI><a href="#[8c]">&gt;&gt;</a>&nbsp;&nbsp;&nbsp;__aeabi_d2ulz
</UL>

<P><STRONG><a name="[150]"></a>_ll_shift_l</STRONG> (Thumb, 0 bytes, Stack size 0 bytes, llshl.o(.text), UNUSED)

<P><STRONG><a name="[7f]"></a>__aeabi_llsr</STRONG> (Thumb, 32 bytes, Stack size 0 bytes, llushr.o(.text))
<BR><BR>[Called By]<UL><LI><a href="#[7e]">&gt;&gt;</a>&nbsp;&nbsp;&nbsp;__aeabi_uldivmod
<LI><a href="#[86]">&gt;&gt;</a>&nbsp;&nbsp;&nbsp;_double_epilogue
<LI><a href="#[8c]">&gt;&gt;</a>&nbsp;&nbsp;&nbsp;__aeabi_d2ulz
</UL>

<P><STRONG><a name="[151]"></a>_ll_ushift_r</STRONG> (Thumb, 0 bytes, Stack size 0 bytes, llushr.o(.text), UNUSED)

<P><STRONG><a name="[152]"></a>__I$use$fp</STRONG> (Thumb, 0 bytes, Stack size 48 bytes, iusefp.o(.text), UNUSED)

<P><STRONG><a name="[84]"></a>__aeabi_dadd</STRONG> (Thumb, 322 bytes, Stack size 48 bytes, dadd.o(.text), UNUSED)
<BR><BR>[Calls]<UL><LI><a href="#[85]">&gt;&gt;</a>&nbsp;&nbsp;&nbsp;__aeabi_lasr
<LI><a href="#[87]">&gt;&gt;</a>&nbsp;&nbsp;&nbsp;_double_round
<LI><a href="#[86]">&gt;&gt;</a>&nbsp;&nbsp;&nbsp;_double_epilogue
<LI><a href="#[80]">&gt;&gt;</a>&nbsp;&nbsp;&nbsp;__aeabi_llsl
</UL>
<BR>[Called By]<UL><LI><a href="#[89]">&gt;&gt;</a>&nbsp;&nbsp;&nbsp;__aeabi_drsub
<LI><a href="#[88]">&gt;&gt;</a>&nbsp;&nbsp;&nbsp;__aeabi_dsub
<LI><a href="#[10c]">&gt;&gt;</a>&nbsp;&nbsp;&nbsp;_fp_digits
</UL>

<P><STRONG><a name="[88]"></a>__aeabi_dsub</STRONG> (Thumb, 6 bytes, Stack size 0 bytes, dadd.o(.text), UNUSED)
<BR><BR>[Calls]<UL><LI><a href="#[84]">&gt;&gt;</a>&nbsp;&nbsp;&nbsp;__aeabi_dadd
</UL>

<P><STRONG><a name="[89]"></a>__aeabi_drsub</STRONG> (Thumb, 6 bytes, Stack size 0 bytes, dadd.o(.text), UNUSED)
<BR><BR>[Calls]<UL><LI><a href="#[84]">&gt;&gt;</a>&nbsp;&nbsp;&nbsp;__aeabi_dadd
</UL>

<P><STRONG><a name="[8a]"></a>__aeabi_dmul</STRONG> (Thumb, 228 bytes, Stack size 48 bytes, dmul.o(.text), UNUSED)
<BR><BR>[Calls]<UL><LI><a href="#[86]">&gt;&gt;</a>&nbsp;&nbsp;&nbsp;_double_epilogue
</UL>
<BR>[Called By]<UL><LI><a href="#[10c]">&gt;&gt;</a>&nbsp;&nbsp;&nbsp;_fp_digits
</UL>

<P><STRONG><a name="[8b]"></a>__aeabi_ddiv</STRONG> (Thumb, 222 bytes, Stack size 32 bytes, ddiv.o(.text), UNUSED)
<BR><BR>[Calls]<UL><LI><a href="#[87]">&gt;&gt;</a>&nbsp;&nbsp;&nbsp;_double_round
</UL>
<BR>[Called By]<UL><LI><a href="#[10c]">&gt;&gt;</a>&nbsp;&nbsp;&nbsp;_fp_digits
</UL>

<P><STRONG><a name="[8c]"></a>__aeabi_d2ulz</STRONG> (Thumb, 48 bytes, Stack size 0 bytes, dfixul.o(.text), UNUSED)
<BR><BR>[Calls]<UL><LI><a href="#[7f]">&gt;&gt;</a>&nbsp;&nbsp;&nbsp;__aeabi_llsr
<LI><a href="#[80]">&gt;&gt;</a>&nbsp;&nbsp;&nbsp;__aeabi_llsl
</UL>
<BR>[Called By]<UL><LI><a href="#[10c]">&gt;&gt;</a>&nbsp;&nbsp;&nbsp;_fp_digits
</UL>

<P><STRONG><a name="[10d]"></a>__aeabi_cdrcmple</STRONG> (Thumb, 48 bytes, Stack size 0 bytes, cdrcmple.o(.text), UNUSED)
<BR><BR>[Called By]<UL><LI><a href="#[10c]">&gt;&gt;</a>&nbsp;&nbsp;&nbsp;_fp_digits
</UL>

<P><STRONG><a name="[7d]"></a>__scatterload</STRONG> (Thumb, 28 bytes, Stack size 0 bytes, init.o(.text))
<BR><BR>[Calls]<UL><LI><a href="#[8d]">&gt;&gt;</a>&nbsp;&nbsp;&nbsp;__main_after_scatterload
</UL>
<BR>[Called By]<UL><LI><a href="#[7c]">&gt;&gt;</a>&nbsp;&nbsp;&nbsp;_main_scatterload
</UL>

<P><STRONG><a name="[153]"></a>__scatterload_rt2</STRONG> (Thumb, 0 bytes, Stack size 0 bytes, init.o(.text), UNUSED)

<P><STRONG><a name="[85]"></a>__aeabi_lasr</STRONG> (Thumb, 36 bytes, Stack size 0 bytes, llsshr.o(.text), UNUSED)
<BR><BR>[Called By]<UL><LI><a href="#[84]">&gt;&gt;</a>&nbsp;&nbsp;&nbsp;__aeabi_dadd
</UL>

<P><STRONG><a name="[154]"></a>_ll_sshift_r</STRONG> (Thumb, 0 bytes, Stack size 0 bytes, llsshr.o(.text), UNUSED)

<P><STRONG><a name="[87]"></a>_double_round</STRONG> (Thumb, 30 bytes, Stack size 8 bytes, depilogue.o(.text), UNUSED)
<BR><BR>[Called By]<UL><LI><a href="#[86]">&gt;&gt;</a>&nbsp;&nbsp;&nbsp;_double_epilogue
<LI><a href="#[8b]">&gt;&gt;</a>&nbsp;&nbsp;&nbsp;__aeabi_ddiv
<LI><a href="#[84]">&gt;&gt;</a>&nbsp;&nbsp;&nbsp;__aeabi_dadd
</UL>

<P><STRONG><a name="[86]"></a>_double_epilogue</STRONG> (Thumb, 156 bytes, Stack size 32 bytes, depilogue.o(.text), UNUSED)
<BR><BR>[Calls]<UL><LI><a href="#[87]">&gt;&gt;</a>&nbsp;&nbsp;&nbsp;_double_round
<LI><a href="#[7f]">&gt;&gt;</a>&nbsp;&nbsp;&nbsp;__aeabi_llsr
<LI><a href="#[80]">&gt;&gt;</a>&nbsp;&nbsp;&nbsp;__aeabi_llsl
</UL>
<BR>[Called By]<UL><LI><a href="#[8a]">&gt;&gt;</a>&nbsp;&nbsp;&nbsp;__aeabi_dmul
<LI><a href="#[84]">&gt;&gt;</a>&nbsp;&nbsp;&nbsp;__aeabi_dadd
</UL>

<P><STRONG><a name="[155]"></a>__decompress</STRONG> (Thumb, 0 bytes, Stack size unknown bytes, __dczerorl2.o(.text), UNUSED)

<P><STRONG><a name="[156]"></a>__decompress1</STRONG> (Thumb, 86 bytes, Stack size unknown bytes, __dczerorl2.o(.text), UNUSED)

<P><STRONG><a name="[8e]"></a>BSP_LCD_Clear</STRONG> (Thumb, 48 bytes, Stack size 24 bytes, stm32f723e_discovery_lcd.o(i.BSP_LCD_Clear))
<BR><BR>[Stack]<UL><LI>Max Depth = 48<LI>Call Chain = BSP_LCD_Clear &rArr; BSP_LCD_DrawHLine
</UL>
<BR>[Calls]<UL><LI><a href="#[8f]">&gt;&gt;</a>&nbsp;&nbsp;&nbsp;BSP_LCD_GetYSize
<LI><a href="#[90]">&gt;&gt;</a>&nbsp;&nbsp;&nbsp;BSP_LCD_GetXSize
<LI><a href="#[91]">&gt;&gt;</a>&nbsp;&nbsp;&nbsp;BSP_LCD_DrawHLine
</UL>
<BR>[Called By]<UL><LI><a href="#[100]">&gt;&gt;</a>&nbsp;&nbsp;&nbsp;TouchscreenCalibration_SetHint
<LI><a href="#[78]">&gt;&gt;</a>&nbsp;&nbsp;&nbsp;main
<LI><a href="#[131]">&gt;&gt;</a>&nbsp;&nbsp;&nbsp;draw_touch_position
</UL>

<P><STRONG><a name="[92]"></a>BSP_LCD_DisplayChar</STRONG> (Thumb, 32 bytes, Stack size 8 bytes, stm32f723e_discovery_lcd.o(i.BSP_LCD_DisplayChar))
<BR><BR>[Stack]<UL><LI>Max Depth = 56<LI>Call Chain = BSP_LCD_DisplayChar &rArr; DrawChar
</UL>
<BR>[Calls]<UL><LI><a href="#[93]">&gt;&gt;</a>&nbsp;&nbsp;&nbsp;DrawChar
</UL>
<BR>[Called By]<UL><LI><a href="#[94]">&gt;&gt;</a>&nbsp;&nbsp;&nbsp;BSP_LCD_DisplayStringAt
</UL>

<P><STRONG><a name="[94]"></a>BSP_LCD_DisplayStringAt</STRONG> (Thumb, 162 bytes, Stack size 32 bytes, stm32f723e_discovery_lcd.o(i.BSP_LCD_DisplayStringAt))
<BR><BR>[Stack]<UL><LI>Max Depth = 88<LI>Call Chain = BSP_LCD_DisplayStringAt &rArr; BSP_LCD_DisplayChar &rArr; DrawChar
</UL>
<BR>[Calls]<UL><LI><a href="#[90]">&gt;&gt;</a>&nbsp;&nbsp;&nbsp;BSP_LCD_GetXSize
<LI><a href="#[92]">&gt;&gt;</a>&nbsp;&nbsp;&nbsp;BSP_LCD_DisplayChar
</UL>
<BR>[Called By]<UL><LI><a href="#[95]">&gt;&gt;</a>&nbsp;&nbsp;&nbsp;BSP_LCD_DisplayStringAtLine
<LI><a href="#[103]">&gt;&gt;</a>&nbsp;&nbsp;&nbsp;Touchscreen_Calibration
<LI><a href="#[100]">&gt;&gt;</a>&nbsp;&nbsp;&nbsp;TouchscreenCalibration_SetHint
<LI><a href="#[131]">&gt;&gt;</a>&nbsp;&nbsp;&nbsp;draw_touch_position
</UL>

<P><STRONG><a name="[95]"></a>BSP_LCD_DisplayStringAtLine</STRONG> (Thumb, 22 bytes, Stack size 0 bytes, stm32f723e_discovery_lcd.o(i.BSP_LCD_DisplayStringAtLine))
<BR><BR>[Stack]<UL><LI>Max Depth = 88<LI>Call Chain = BSP_LCD_DisplayStringAtLine &rArr; BSP_LCD_DisplayStringAt &rArr; BSP_LCD_DisplayChar &rArr; DrawChar
</UL>
<BR>[Calls]<UL><LI><a href="#[94]">&gt;&gt;</a>&nbsp;&nbsp;&nbsp;BSP_LCD_DisplayStringAt
</UL>
<BR>[Called By]<UL><LI><a href="#[78]">&gt;&gt;</a>&nbsp;&nbsp;&nbsp;main
</UL>

<P><STRONG><a name="[96]"></a>BSP_LCD_DrawCircle</STRONG> (Thumb, 218 bytes, Stack size 48 bytes, stm32f723e_discovery_lcd.o(i.BSP_LCD_DrawCircle))
<BR><BR>[Stack]<UL><LI>Max Depth = 48<LI>Call Chain = BSP_LCD_DrawCircle
</UL>
<BR>[Calls]<UL><LI><a href="#[97]">&gt;&gt;</a>&nbsp;&nbsp;&nbsp;BSP_LCD_DrawPixel
</UL>
<BR>[Called By]<UL><LI><a href="#[98]">&gt;&gt;</a>&nbsp;&nbsp;&nbsp;BSP_LCD_FillCircle
</UL>

<P><STRONG><a name="[91]"></a>BSP_LCD_DrawHLine</STRONG> (Thumb, 68 bytes, Stack size 24 bytes, stm32f723e_discovery_lcd.o(i.BSP_LCD_DrawHLine))
<BR><BR>[Stack]<UL><LI>Max Depth = 24<LI>Call Chain = BSP_LCD_DrawHLine
</UL>
<BR>[Calls]<UL><LI><a href="#[97]">&gt;&gt;</a>&nbsp;&nbsp;&nbsp;BSP_LCD_DrawPixel
</UL>
<BR>[Called By]<UL><LI><a href="#[99]">&gt;&gt;</a>&nbsp;&nbsp;&nbsp;BSP_LCD_FillRect
<LI><a href="#[98]">&gt;&gt;</a>&nbsp;&nbsp;&nbsp;BSP_LCD_FillCircle
<LI><a href="#[8e]">&gt;&gt;</a>&nbsp;&nbsp;&nbsp;BSP_LCD_Clear
</UL>

<P><STRONG><a name="[97]"></a>BSP_LCD_DrawPixel</STRONG> (Thumb, 14 bytes, Stack size 0 bytes, stm32f723e_discovery_lcd.o(i.BSP_LCD_DrawPixel))
<BR><BR>[Called By]<UL><LI><a href="#[91]">&gt;&gt;</a>&nbsp;&nbsp;&nbsp;BSP_LCD_DrawHLine
<LI><a href="#[96]">&gt;&gt;</a>&nbsp;&nbsp;&nbsp;BSP_LCD_DrawCircle
<LI><a href="#[93]">&gt;&gt;</a>&nbsp;&nbsp;&nbsp;DrawChar
</UL>

<P><STRONG><a name="[98]"></a>BSP_LCD_FillCircle</STRONG> (Thumb, 170 bytes, Stack size 56 bytes, stm32f723e_discovery_lcd.o(i.BSP_LCD_FillCircle))
<BR><BR>[Stack]<UL><LI>Max Depth = 104<LI>Call Chain = BSP_LCD_FillCircle &rArr; BSP_LCD_DrawCircle
</UL>
<BR>[Calls]<UL><LI><a href="#[91]">&gt;&gt;</a>&nbsp;&nbsp;&nbsp;BSP_LCD_DrawHLine
<LI><a href="#[96]">&gt;&gt;</a>&nbsp;&nbsp;&nbsp;BSP_LCD_DrawCircle
</UL>
<BR>[Called By]<UL><LI><a href="#[fd]">&gt;&gt;</a>&nbsp;&nbsp;&nbsp;TouchScreen_Calibration_GetPhysValues
<LI><a href="#[131]">&gt;&gt;</a>&nbsp;&nbsp;&nbsp;draw_touch_position
</UL>

<P><STRONG><a name="[99]"></a>BSP_LCD_FillRect</STRONG> (Thumb, 44 bytes, Stack size 24 bytes, stm32f723e_discovery_lcd.o(i.BSP_LCD_FillRect))
<BR><BR>[Stack]<UL><LI>Max Depth = 48<LI>Call Chain = BSP_LCD_FillRect &rArr; BSP_LCD_DrawHLine
</UL>
<BR>[Calls]<UL><LI><a href="#[91]">&gt;&gt;</a>&nbsp;&nbsp;&nbsp;BSP_LCD_DrawHLine
</UL>
<BR>[Called By]<UL><LI><a href="#[140]">&gt;&gt;</a>&nbsp;&nbsp;&nbsp;processingdata
<LI><a href="#[78]">&gt;&gt;</a>&nbsp;&nbsp;&nbsp;main
<LI><a href="#[131]">&gt;&gt;</a>&nbsp;&nbsp;&nbsp;draw_touch_position
</UL>

<P><STRONG><a name="[90]"></a>BSP_LCD_GetXSize</STRONG> (Thumb, 8 bytes, Stack size 0 bytes, stm32f723e_discovery_lcd.o(i.BSP_LCD_GetXSize))
<BR><BR>[Called By]<UL><LI><a href="#[94]">&gt;&gt;</a>&nbsp;&nbsp;&nbsp;BSP_LCD_DisplayStringAt
<LI><a href="#[8e]">&gt;&gt;</a>&nbsp;&nbsp;&nbsp;BSP_LCD_Clear
<LI><a href="#[103]">&gt;&gt;</a>&nbsp;&nbsp;&nbsp;Touchscreen_Calibration
<LI><a href="#[131]">&gt;&gt;</a>&nbsp;&nbsp;&nbsp;draw_touch_position
</UL>

<P><STRONG><a name="[8f]"></a>BSP_LCD_GetYSize</STRONG> (Thumb, 8 bytes, Stack size 0 bytes, stm32f723e_discovery_lcd.o(i.BSP_LCD_GetYSize))
<BR><BR>[Called By]<UL><LI><a href="#[8e]">&gt;&gt;</a>&nbsp;&nbsp;&nbsp;BSP_LCD_Clear
<LI><a href="#[103]">&gt;&gt;</a>&nbsp;&nbsp;&nbsp;Touchscreen_Calibration
<LI><a href="#[100]">&gt;&gt;</a>&nbsp;&nbsp;&nbsp;TouchscreenCalibration_SetHint
<LI><a href="#[131]">&gt;&gt;</a>&nbsp;&nbsp;&nbsp;draw_touch_position
</UL>

<P><STRONG><a name="[9a]"></a>BSP_LCD_Init</STRONG> (Thumb, 6 bytes, Stack size 0 bytes, stm32f723e_discovery_lcd.o(i.BSP_LCD_Init))
<BR><BR>[Stack]<UL><LI>Max Depth = 104<LI>Call Chain = BSP_LCD_Init &rArr; BSP_LCD_InitEx &rArr; BSP_LCD_MspInit &rArr; HAL_GPIO_Init
</UL>
<BR>[Calls]<UL><LI><a href="#[9b]">&gt;&gt;</a>&nbsp;&nbsp;&nbsp;BSP_LCD_InitEx
</UL>
<BR>[Called By]<UL><LI><a href="#[78]">&gt;&gt;</a>&nbsp;&nbsp;&nbsp;main
</UL>

<P><STRONG><a name="[9b]"></a>BSP_LCD_InitEx</STRONG> (Thumb, 156 bytes, Stack size 24 bytes, stm32f723e_discovery_lcd.o(i.BSP_LCD_InitEx))
<BR><BR>[Stack]<UL><LI>Max Depth = 104<LI>Call Chain = BSP_LCD_InitEx &rArr; BSP_LCD_MspInit &rArr; HAL_GPIO_Init
</UL>
<BR>[Calls]<UL><LI><a href="#[9c]">&gt;&gt;</a>&nbsp;&nbsp;&nbsp;BSP_LCD_MspInit
<LI><a href="#[9f]">&gt;&gt;</a>&nbsp;&nbsp;&nbsp;ST7789H2_SetOrientation
<LI><a href="#[9d]">&gt;&gt;</a>&nbsp;&nbsp;&nbsp;HAL_GPIO_WritePin
<LI><a href="#[9e]">&gt;&gt;</a>&nbsp;&nbsp;&nbsp;HAL_Delay
</UL>
<BR>[Called By]<UL><LI><a href="#[9a]">&gt;&gt;</a>&nbsp;&nbsp;&nbsp;BSP_LCD_Init
</UL>

<P><STRONG><a name="[9c]"></a>BSP_LCD_MspInit</STRONG> (Thumb, 124 bytes, Stack size 40 bytes, stm32f723e_discovery_lcd.o(i.BSP_LCD_MspInit))
<BR><BR>[Stack]<UL><LI>Max Depth = 80<LI>Call Chain = BSP_LCD_MspInit &rArr; HAL_GPIO_Init
</UL>
<BR>[Calls]<UL><LI><a href="#[9d]">&gt;&gt;</a>&nbsp;&nbsp;&nbsp;HAL_GPIO_WritePin
<LI><a href="#[a0]">&gt;&gt;</a>&nbsp;&nbsp;&nbsp;HAL_GPIO_Init
</UL>
<BR>[Called By]<UL><LI><a href="#[9b]">&gt;&gt;</a>&nbsp;&nbsp;&nbsp;BSP_LCD_InitEx
</UL>

<P><STRONG><a name="[144]"></a>BSP_LCD_ReadPixel</STRONG> (Thumb, 20 bytes, Stack size 0 bytes, stm32f723e_discovery_lcd.o(i.BSP_LCD_ReadPixel))
<BR><BR>[Called By]<UL><LI><a href="#[140]">&gt;&gt;</a>&nbsp;&nbsp;&nbsp;processingdata
</UL>

<P><STRONG><a name="[101]"></a>BSP_LCD_SetBackColor</STRONG> (Thumb, 6 bytes, Stack size 0 bytes, stm32f723e_discovery_lcd.o(i.BSP_LCD_SetBackColor))
<BR><BR>[Called By]<UL><LI><a href="#[103]">&gt;&gt;</a>&nbsp;&nbsp;&nbsp;Touchscreen_Calibration
<LI><a href="#[100]">&gt;&gt;</a>&nbsp;&nbsp;&nbsp;TouchscreenCalibration_SetHint
</UL>

<P><STRONG><a name="[102]"></a>BSP_LCD_SetFont</STRONG> (Thumb, 6 bytes, Stack size 0 bytes, stm32f723e_discovery_lcd.o(i.BSP_LCD_SetFont))
<BR><BR>[Called By]<UL><LI><a href="#[100]">&gt;&gt;</a>&nbsp;&nbsp;&nbsp;TouchscreenCalibration_SetHint
<LI><a href="#[78]">&gt;&gt;</a>&nbsp;&nbsp;&nbsp;main
</UL>

<P><STRONG><a name="[fe]"></a>BSP_LCD_SetTextColor</STRONG> (Thumb, 6 bytes, Stack size 0 bytes, stm32f723e_discovery_lcd.o(i.BSP_LCD_SetTextColor))
<BR><BR>[Called By]<UL><LI><a href="#[103]">&gt;&gt;</a>&nbsp;&nbsp;&nbsp;Touchscreen_Calibration
<LI><a href="#[100]">&gt;&gt;</a>&nbsp;&nbsp;&nbsp;TouchscreenCalibration_SetHint
<LI><a href="#[fd]">&gt;&gt;</a>&nbsp;&nbsp;&nbsp;TouchScreen_Calibration_GetPhysValues
<LI><a href="#[140]">&gt;&gt;</a>&nbsp;&nbsp;&nbsp;processingdata
<LI><a href="#[78]">&gt;&gt;</a>&nbsp;&nbsp;&nbsp;main
<LI><a href="#[131]">&gt;&gt;</a>&nbsp;&nbsp;&nbsp;draw_touch_position
</UL>

<P><STRONG><a name="[a1]"></a>BSP_PB_GetState</STRONG> (Thumb, 16 bytes, Stack size 0 bytes, stm32f723e_discovery.o(i.BSP_PB_GetState))
<BR><BR>[Calls]<UL><LI><a href="#[a2]">&gt;&gt;</a>&nbsp;&nbsp;&nbsp;HAL_GPIO_ReadPin
</UL>
<BR>[Called By]<UL><LI><a href="#[ac]">&gt;&gt;</a>&nbsp;&nbsp;&nbsp;CheckForUserInput
<LI><a href="#[78]">&gt;&gt;</a>&nbsp;&nbsp;&nbsp;main
<LI><a href="#[131]">&gt;&gt;</a>&nbsp;&nbsp;&nbsp;draw_touch_position
</UL>

<P><STRONG><a name="[a3]"></a>BSP_PB_Init</STRONG> (Thumb, 122 bytes, Stack size 40 bytes, stm32f723e_discovery.o(i.BSP_PB_Init))
<BR><BR>[Stack]<UL><LI>Max Depth = 80<LI>Call Chain = BSP_PB_Init &rArr; HAL_GPIO_Init
</UL>
<BR>[Calls]<UL><LI><a href="#[a4]">&gt;&gt;</a>&nbsp;&nbsp;&nbsp;HAL_NVIC_SetPriority
<LI><a href="#[a5]">&gt;&gt;</a>&nbsp;&nbsp;&nbsp;HAL_NVIC_EnableIRQ
<LI><a href="#[a0]">&gt;&gt;</a>&nbsp;&nbsp;&nbsp;HAL_GPIO_Init
</UL>
<BR>[Called By]<UL><LI><a href="#[78]">&gt;&gt;</a>&nbsp;&nbsp;&nbsp;main
</UL>

<P><STRONG><a name="[a6]"></a>BSP_TS_GetState</STRONG> (Thumb, 302 bytes, Stack size 64 bytes, stm32f723e_discovery_ts.o(i.BSP_TS_GetState))
<BR><BR>[Stack]<UL><LI>Max Depth = 296<LI>Call Chain = BSP_TS_GetState &rArr; BSP_TS_Get_GestureId &rArr; ft6x06_TS_GetGestureID &rArr; TS_IO_Read &rArr; I2Cx_ReadMultiple &rArr; HAL_I2C_Mem_Read &rArr; I2C_RequestMemoryRead &rArr; I2C_WaitOnTXISFlagUntilTimeout &rArr; I2C_IsAcknowledgeFailed
</UL>
<BR>[Calls]<UL><LI><a href="#[a7]">&gt;&gt;</a>&nbsp;&nbsp;&nbsp;ft6x06_TS_GetTouchInfo
<LI><a href="#[a8]">&gt;&gt;</a>&nbsp;&nbsp;&nbsp;BSP_TS_Get_GestureId
</UL>
<BR>[Called By]<UL><LI><a href="#[ff]">&gt;&gt;</a>&nbsp;&nbsp;&nbsp;TouchScreen_Calibration_WaitForPressedState
<LI><a href="#[131]">&gt;&gt;</a>&nbsp;&nbsp;&nbsp;draw_touch_position
</UL>

<P><STRONG><a name="[a8]"></a>BSP_TS_Get_GestureId</STRONG> (Thumb, 88 bytes, Stack size 24 bytes, stm32f723e_discovery_ts.o(i.BSP_TS_Get_GestureId))
<BR><BR>[Stack]<UL><LI>Max Depth = 232<LI>Call Chain = BSP_TS_Get_GestureId &rArr; ft6x06_TS_GetGestureID &rArr; TS_IO_Read &rArr; I2Cx_ReadMultiple &rArr; HAL_I2C_Mem_Read &rArr; I2C_RequestMemoryRead &rArr; I2C_WaitOnTXISFlagUntilTimeout &rArr; I2C_IsAcknowledgeFailed
</UL>
<BR>[Calls]<UL><LI><a href="#[a9]">&gt;&gt;</a>&nbsp;&nbsp;&nbsp;ft6x06_TS_GetGestureID
</UL>
<BR>[Called By]<UL><LI><a href="#[a6]">&gt;&gt;</a>&nbsp;&nbsp;&nbsp;BSP_TS_GetState
</UL>

<P><STRONG><a name="[aa]"></a>BSP_TS_Init</STRONG> (Thumb, 6 bytes, Stack size 0 bytes, stm32f723e_discovery_ts.o(i.BSP_TS_Init))
<BR><BR>[Stack]<UL><LI>Max Depth = 24<LI>Call Chain = BSP_TS_Init &rArr; BSP_TS_InitEx
</UL>
<BR>[Calls]<UL><LI><a href="#[ab]">&gt;&gt;</a>&nbsp;&nbsp;&nbsp;BSP_TS_InitEx
</UL>
<BR>[Called By]<UL><LI><a href="#[103]">&gt;&gt;</a>&nbsp;&nbsp;&nbsp;Touchscreen_Calibration
</UL>

<P><STRONG><a name="[ab]"></a>BSP_TS_InitEx</STRONG> (Thumb, 74 bytes, Stack size 24 bytes, stm32f723e_discovery_ts.o(i.BSP_TS_InitEx))
<BR><BR>[Stack]<UL><LI>Max Depth = 24<LI>Call Chain = BSP_TS_InitEx
</UL>
<BR>[Called By]<UL><LI><a href="#[aa]">&gt;&gt;</a>&nbsp;&nbsp;&nbsp;BSP_TS_Init
</UL>

<P><STRONG><a name="[1f]"></a>BusFault_Handler</STRONG> (Thumb, 2 bytes, Stack size 0 bytes, stm32f7xx_it.o(i.BusFault_Handler))
<BR><BR>[Calls]<UL><LI><a href="#[1f]">&gt;&gt;</a>&nbsp;&nbsp;&nbsp;BusFault_Handler
</UL>
<BR>[Called By]<UL><LI><a href="#[1f]">&gt;&gt;</a>&nbsp;&nbsp;&nbsp;BusFault_Handler
</UL>
<BR>[Address Reference Count : 1]<UL><LI> startup_stm32f723xx.o(RESET)
</UL>
<P><STRONG><a name="[ac]"></a>CheckForUserInput</STRONG> (Thumb, 32 bytes, Stack size 8 bytes, main.o(i.CheckForUserInput))
<BR><BR>[Stack]<UL><LI>Max Depth = 24<LI>Call Chain = CheckForUserInput &rArr; HAL_Delay
</UL>
<BR>[Calls]<UL><LI><a href="#[9e]">&gt;&gt;</a>&nbsp;&nbsp;&nbsp;HAL_Delay
<LI><a href="#[a1]">&gt;&gt;</a>&nbsp;&nbsp;&nbsp;BSP_PB_GetState
</UL>
<BR>[Called By]<UL><LI><a href="#[ff]">&gt;&gt;</a>&nbsp;&nbsp;&nbsp;TouchScreen_Calibration_WaitForPressedState
</UL>

<P><STRONG><a name="[22]"></a>DebugMon_Handler</STRONG> (Thumb, 2 bytes, Stack size 0 bytes, stm32f7xx_it.o(i.DebugMon_Handler))
<BR>[Address Reference Count : 1]<UL><LI> startup_stm32f723xx.o(RESET)
</UL>
<P><STRONG><a name="[ee]"></a>Error_Handler</STRONG> (Thumb, 2 bytes, Stack size 0 bytes, main.o(i.Error_Handler))
<BR><BR>[Called By]<UL><LI><a href="#[ed]">&gt;&gt;</a>&nbsp;&nbsp;&nbsp;MX_CRC_Init
</UL>

<P><STRONG><a name="[d4]"></a>FMC_NORSRAM_Extended_Timing_Init</STRONG> (Thumb, 60 bytes, Stack size 20 bytes, stm32f7xx_ll_fmc.o(i.FMC_NORSRAM_Extended_Timing_Init))
<BR><BR>[Stack]<UL><LI>Max Depth = 20<LI>Call Chain = FMC_NORSRAM_Extended_Timing_Init
</UL>
<BR>[Called By]<UL><LI><a href="#[af]">&gt;&gt;</a>&nbsp;&nbsp;&nbsp;HAL_SRAM_Init
</UL>

<P><STRONG><a name="[d2]"></a>FMC_NORSRAM_Init</STRONG> (Thumb, 152 bytes, Stack size 28 bytes, stm32f7xx_ll_fmc.o(i.FMC_NORSRAM_Init))
<BR><BR>[Stack]<UL><LI>Max Depth = 28<LI>Call Chain = FMC_NORSRAM_Init
</UL>
<BR>[Called By]<UL><LI><a href="#[af]">&gt;&gt;</a>&nbsp;&nbsp;&nbsp;HAL_SRAM_Init
</UL>

<P><STRONG><a name="[d3]"></a>FMC_NORSRAM_Timing_Init</STRONG> (Thumb, 94 bytes, Stack size 20 bytes, stm32f7xx_ll_fmc.o(i.FMC_NORSRAM_Timing_Init))
<BR><BR>[Stack]<UL><LI>Max Depth = 20<LI>Call Chain = FMC_NORSRAM_Timing_Init
</UL>
<BR>[Called By]<UL><LI><a href="#[af]">&gt;&gt;</a>&nbsp;&nbsp;&nbsp;HAL_SRAM_Init
</UL>

<P><STRONG><a name="[b2]"></a>HAL_CRCEx_Polynomial_Set</STRONG> (Thumb, 78 bytes, Stack size 20 bytes, stm32f7xx_hal_crc_ex.o(i.HAL_CRCEx_Polynomial_Set))
<BR><BR>[Stack]<UL><LI>Max Depth = 20<LI>Call Chain = HAL_CRCEx_Polynomial_Set
</UL>
<BR>[Called By]<UL><LI><a href="#[b0]">&gt;&gt;</a>&nbsp;&nbsp;&nbsp;HAL_CRC_Init
</UL>

<P><STRONG><a name="[b0]"></a>HAL_CRC_Init</STRONG> (Thumb, 114 bytes, Stack size 8 bytes, stm32f7xx_hal_crc.o(i.HAL_CRC_Init))
<BR><BR>[Stack]<UL><LI>Max Depth = 28<LI>Call Chain = HAL_CRC_Init &rArr; HAL_CRCEx_Polynomial_Set
</UL>
<BR>[Calls]<UL><LI><a href="#[b1]">&gt;&gt;</a>&nbsp;&nbsp;&nbsp;HAL_CRC_MspInit
<LI><a href="#[b2]">&gt;&gt;</a>&nbsp;&nbsp;&nbsp;HAL_CRCEx_Polynomial_Set
</UL>
<BR>[Called By]<UL><LI><a href="#[ed]">&gt;&gt;</a>&nbsp;&nbsp;&nbsp;MX_CRC_Init
</UL>

<P><STRONG><a name="[b1]"></a>HAL_CRC_MspInit</STRONG> (Thumb, 30 bytes, Stack size 8 bytes, crc.o(i.HAL_CRC_MspInit))
<BR><BR>[Stack]<UL><LI>Max Depth = 8<LI>Call Chain = HAL_CRC_MspInit
</UL>
<BR>[Called By]<UL><LI><a href="#[b0]">&gt;&gt;</a>&nbsp;&nbsp;&nbsp;HAL_CRC_Init
</UL>

<P><STRONG><a name="[9e]"></a>HAL_Delay</STRONG> (Thumb, 32 bytes, Stack size 16 bytes, stm32f7xx_hal.o(i.HAL_Delay))
<BR><BR>[Stack]<UL><LI>Max Depth = 16<LI>Call Chain = HAL_Delay
</UL>
<BR>[Calls]<UL><LI><a href="#[b3]">&gt;&gt;</a>&nbsp;&nbsp;&nbsp;HAL_GetTick
</UL>
<BR>[Called By]<UL><LI><a href="#[9b]">&gt;&gt;</a>&nbsp;&nbsp;&nbsp;BSP_LCD_InitEx
<LI><a href="#[e9]">&gt;&gt;</a>&nbsp;&nbsp;&nbsp;LCD_IO_Delay
<LI><a href="#[ac]">&gt;&gt;</a>&nbsp;&nbsp;&nbsp;CheckForUserInput
<LI><a href="#[ff]">&gt;&gt;</a>&nbsp;&nbsp;&nbsp;TouchScreen_Calibration_WaitForPressedState
<LI><a href="#[78]">&gt;&gt;</a>&nbsp;&nbsp;&nbsp;main
<LI><a href="#[131]">&gt;&gt;</a>&nbsp;&nbsp;&nbsp;draw_touch_position
</UL>

<P><STRONG><a name="[c2]"></a>HAL_GPIO_DeInit</STRONG> (Thumb, 310 bytes, Stack size 36 bytes, stm32f7xx_hal_gpio.o(i.HAL_GPIO_DeInit))
<BR><BR>[Stack]<UL><LI>Max Depth = 36<LI>Call Chain = HAL_GPIO_DeInit
</UL>
<BR>[Called By]<UL><LI><a href="#[b7]">&gt;&gt;</a>&nbsp;&nbsp;&nbsp;HAL_I2C_MspDeInit
</UL>

<P><STRONG><a name="[a0]"></a>HAL_GPIO_Init</STRONG> (Thumb, 400 bytes, Stack size 40 bytes, stm32f7xx_hal_gpio.o(i.HAL_GPIO_Init))
<BR><BR>[Stack]<UL><LI>Max Depth = 40<LI>Call Chain = HAL_GPIO_Init
</UL>
<BR>[Called By]<UL><LI><a href="#[9c]">&gt;&gt;</a>&nbsp;&nbsp;&nbsp;BSP_LCD_MspInit
<LI><a href="#[f9]">&gt;&gt;</a>&nbsp;&nbsp;&nbsp;TS_IO_Init
<LI><a href="#[a3]">&gt;&gt;</a>&nbsp;&nbsp;&nbsp;BSP_PB_Init
<LI><a href="#[e6]">&gt;&gt;</a>&nbsp;&nbsp;&nbsp;I2Cx_MspInit
<LI><a href="#[ae]">&gt;&gt;</a>&nbsp;&nbsp;&nbsp;FMC_BANK2_MspInit
<LI><a href="#[b9]">&gt;&gt;</a>&nbsp;&nbsp;&nbsp;HAL_I2C_MspInit
<LI><a href="#[b4]">&gt;&gt;</a>&nbsp;&nbsp;&nbsp;HAL_FMC_MspInit
</UL>

<P><STRONG><a name="[a2]"></a>HAL_GPIO_ReadPin</STRONG> (Thumb, 10 bytes, Stack size 0 bytes, stm32f7xx_hal_gpio.o(i.HAL_GPIO_ReadPin))
<BR><BR>[Called By]<UL><LI><a href="#[a1]">&gt;&gt;</a>&nbsp;&nbsp;&nbsp;BSP_PB_GetState
</UL>

<P><STRONG><a name="[9d]"></a>HAL_GPIO_WritePin</STRONG> (Thumb, 10 bytes, Stack size 0 bytes, stm32f7xx_hal_gpio.o(i.HAL_GPIO_WritePin))
<BR><BR>[Called By]<UL><LI><a href="#[9c]">&gt;&gt;</a>&nbsp;&nbsp;&nbsp;BSP_LCD_MspInit
<LI><a href="#[9b]">&gt;&gt;</a>&nbsp;&nbsp;&nbsp;BSP_LCD_InitEx
<LI><a href="#[f9]">&gt;&gt;</a>&nbsp;&nbsp;&nbsp;TS_IO_Init
</UL>

<P><STRONG><a name="[b3]"></a>HAL_GetTick</STRONG> (Thumb, 6 bytes, Stack size 0 bytes, stm32f7xx_hal.o(i.HAL_GetTick))
<BR><BR>[Called By]<UL><LI><a href="#[bf]">&gt;&gt;</a>&nbsp;&nbsp;&nbsp;HAL_I2C_Mem_Write
<LI><a href="#[ba]">&gt;&gt;</a>&nbsp;&nbsp;&nbsp;HAL_I2C_Mem_Read
<LI><a href="#[9e]">&gt;&gt;</a>&nbsp;&nbsp;&nbsp;HAL_Delay
<LI><a href="#[ff]">&gt;&gt;</a>&nbsp;&nbsp;&nbsp;TouchScreen_Calibration_WaitForPressedState
<LI><a href="#[d0]">&gt;&gt;</a>&nbsp;&nbsp;&nbsp;HAL_RCC_OscConfig
<LI><a href="#[ce]">&gt;&gt;</a>&nbsp;&nbsp;&nbsp;HAL_RCC_ClockConfig
<LI><a href="#[cd]">&gt;&gt;</a>&nbsp;&nbsp;&nbsp;HAL_RCCEx_PeriphCLKConfig
<LI><a href="#[cc]">&gt;&gt;</a>&nbsp;&nbsp;&nbsp;HAL_PWREx_EnableOverDrive
<LI><a href="#[c1]">&gt;&gt;</a>&nbsp;&nbsp;&nbsp;I2C_WaitOnTXISFlagUntilTimeout
<LI><a href="#[be]">&gt;&gt;</a>&nbsp;&nbsp;&nbsp;I2C_WaitOnSTOPFlagUntilTimeout
<LI><a href="#[bb]">&gt;&gt;</a>&nbsp;&nbsp;&nbsp;I2C_WaitOnFlagUntilTimeout
<LI><a href="#[e1]">&gt;&gt;</a>&nbsp;&nbsp;&nbsp;I2C_IsAcknowledgeFailed
</UL>

<P><STRONG><a name="[b6]"></a>HAL_I2C_DeInit</STRONG> (Thumb, 52 bytes, Stack size 8 bytes, stm32f7xx_hal_i2c.o(i.HAL_I2C_DeInit))
<BR><BR>[Stack]<UL><LI>Max Depth = 60<LI>Call Chain = HAL_I2C_DeInit &rArr; HAL_I2C_MspDeInit &rArr; HAL_GPIO_DeInit
</UL>
<BR>[Calls]<UL><LI><a href="#[b7]">&gt;&gt;</a>&nbsp;&nbsp;&nbsp;HAL_I2C_MspDeInit
</UL>
<BR>[Called By]<UL><LI><a href="#[e3]">&gt;&gt;</a>&nbsp;&nbsp;&nbsp;I2Cx_Error
</UL>

<P><STRONG><a name="[e5]"></a>HAL_I2C_GetState</STRONG> (Thumb, 6 bytes, Stack size 0 bytes, stm32f7xx_hal_i2c.o(i.HAL_I2C_GetState))
<BR><BR>[Called By]<UL><LI><a href="#[e4]">&gt;&gt;</a>&nbsp;&nbsp;&nbsp;I2Cx_Init
</UL>

<P><STRONG><a name="[b8]"></a>HAL_I2C_Init</STRONG> (Thumb, 180 bytes, Stack size 16 bytes, stm32f7xx_hal_i2c.o(i.HAL_I2C_Init))
<BR><BR>[Stack]<UL><LI>Max Depth = 112<LI>Call Chain = HAL_I2C_Init &rArr; HAL_I2C_MspInit &rArr; HAL_GPIO_Init
</UL>
<BR>[Calls]<UL><LI><a href="#[b9]">&gt;&gt;</a>&nbsp;&nbsp;&nbsp;HAL_I2C_MspInit
</UL>
<BR>[Called By]<UL><LI><a href="#[e4]">&gt;&gt;</a>&nbsp;&nbsp;&nbsp;I2Cx_Init
</UL>

<P><STRONG><a name="[ba]"></a>HAL_I2C_Mem_Read</STRONG> (Thumb, 346 bytes, Stack size 64 bytes, stm32f7xx_hal_i2c.o(i.HAL_I2C_Mem_Read))
<BR><BR>[Stack]<UL><LI>Max Depth = 136<LI>Call Chain = HAL_I2C_Mem_Read &rArr; I2C_RequestMemoryRead &rArr; I2C_WaitOnTXISFlagUntilTimeout &rArr; I2C_IsAcknowledgeFailed
</UL>
<BR>[Calls]<UL><LI><a href="#[b3]">&gt;&gt;</a>&nbsp;&nbsp;&nbsp;HAL_GetTick
<LI><a href="#[be]">&gt;&gt;</a>&nbsp;&nbsp;&nbsp;I2C_WaitOnSTOPFlagUntilTimeout
<LI><a href="#[bb]">&gt;&gt;</a>&nbsp;&nbsp;&nbsp;I2C_WaitOnFlagUntilTimeout
<LI><a href="#[bd]">&gt;&gt;</a>&nbsp;&nbsp;&nbsp;I2C_TransferConfig
<LI><a href="#[bc]">&gt;&gt;</a>&nbsp;&nbsp;&nbsp;I2C_RequestMemoryRead
</UL>
<BR>[Called By]<UL><LI><a href="#[e7]">&gt;&gt;</a>&nbsp;&nbsp;&nbsp;I2Cx_ReadMultiple
</UL>

<P><STRONG><a name="[bf]"></a>HAL_I2C_Mem_Write</STRONG> (Thumb, 340 bytes, Stack size 64 bytes, stm32f7xx_hal_i2c.o(i.HAL_I2C_Mem_Write))
<BR><BR>[Stack]<UL><LI>Max Depth = 136<LI>Call Chain = HAL_I2C_Mem_Write &rArr; I2C_RequestMemoryWrite &rArr; I2C_WaitOnTXISFlagUntilTimeout &rArr; I2C_IsAcknowledgeFailed
</UL>
<BR>[Calls]<UL><LI><a href="#[b3]">&gt;&gt;</a>&nbsp;&nbsp;&nbsp;HAL_GetTick
<LI><a href="#[c1]">&gt;&gt;</a>&nbsp;&nbsp;&nbsp;I2C_WaitOnTXISFlagUntilTimeout
<LI><a href="#[be]">&gt;&gt;</a>&nbsp;&nbsp;&nbsp;I2C_WaitOnSTOPFlagUntilTimeout
<LI><a href="#[bb]">&gt;&gt;</a>&nbsp;&nbsp;&nbsp;I2C_WaitOnFlagUntilTimeout
<LI><a href="#[bd]">&gt;&gt;</a>&nbsp;&nbsp;&nbsp;I2C_TransferConfig
<LI><a href="#[c0]">&gt;&gt;</a>&nbsp;&nbsp;&nbsp;I2C_RequestMemoryWrite
</UL>
<BR>[Called By]<UL><LI><a href="#[e8]">&gt;&gt;</a>&nbsp;&nbsp;&nbsp;I2Cx_WriteMultiple
</UL>

<P><STRONG><a name="[b7]"></a>HAL_I2C_MspDeInit</STRONG> (Thumb, 98 bytes, Stack size 16 bytes, i2c.o(i.HAL_I2C_MspDeInit))
<BR><BR>[Stack]<UL><LI>Max Depth = 52<LI>Call Chain = HAL_I2C_MspDeInit &rArr; HAL_GPIO_DeInit
</UL>
<BR>[Calls]<UL><LI><a href="#[c2]">&gt;&gt;</a>&nbsp;&nbsp;&nbsp;HAL_GPIO_DeInit
</UL>
<BR>[Called By]<UL><LI><a href="#[b6]">&gt;&gt;</a>&nbsp;&nbsp;&nbsp;HAL_I2C_DeInit
</UL>

<P><STRONG><a name="[b9]"></a>HAL_I2C_MspInit</STRONG> (Thumb, 252 bytes, Stack size 56 bytes, i2c.o(i.HAL_I2C_MspInit))
<BR><BR>[Stack]<UL><LI>Max Depth = 96<LI>Call Chain = HAL_I2C_MspInit &rArr; HAL_GPIO_Init
</UL>
<BR>[Calls]<UL><LI><a href="#[a0]">&gt;&gt;</a>&nbsp;&nbsp;&nbsp;HAL_GPIO_Init
<LI><a href="#[b5]">&gt;&gt;</a>&nbsp;&nbsp;&nbsp;__aeabi_memclr4
</UL>
<BR>[Called By]<UL><LI><a href="#[b8]">&gt;&gt;</a>&nbsp;&nbsp;&nbsp;HAL_I2C_Init
</UL>

<P><STRONG><a name="[e0]"></a>HAL_IncTick</STRONG> (Thumb, 12 bytes, Stack size 0 bytes, stm32f7xx_hal.o(i.HAL_IncTick))
<BR><BR>[Called By]<UL><LI><a href="#[db]">&gt;&gt;</a>&nbsp;&nbsp;&nbsp;HAL_TIM_PeriodElapsedCallback
</UL>

<P><STRONG><a name="[c3]"></a>HAL_Init</STRONG> (Thumb, 22 bytes, Stack size 8 bytes, stm32f7xx_hal.o(i.HAL_Init))
<BR><BR>[Stack]<UL><LI>Max Depth = 76<LI>Call Chain = HAL_Init &rArr; HAL_InitTick &rArr; HAL_TIM_Base_Init &rArr; TIM_Base_SetConfig
</UL>
<BR>[Calls]<UL><LI><a href="#[c5]">&gt;&gt;</a>&nbsp;&nbsp;&nbsp;HAL_InitTick
<LI><a href="#[c6]">&gt;&gt;</a>&nbsp;&nbsp;&nbsp;HAL_MspInit
<LI><a href="#[c4]">&gt;&gt;</a>&nbsp;&nbsp;&nbsp;HAL_NVIC_SetPriorityGrouping
</UL>
<BR>[Called By]<UL><LI><a href="#[78]">&gt;&gt;</a>&nbsp;&nbsp;&nbsp;main
</UL>

<P><STRONG><a name="[c5]"></a>HAL_InitTick</STRONG> (Thumb, 100 bytes, Stack size 40 bytes, stm32f7xx_hal_timebase_tim.o(i.HAL_InitTick))
<BR><BR>[Stack]<UL><LI>Max Depth = 68<LI>Call Chain = HAL_InitTick &rArr; HAL_TIM_Base_Init &rArr; TIM_Base_SetConfig
</UL>
<BR>[Calls]<UL><LI><a href="#[a4]">&gt;&gt;</a>&nbsp;&nbsp;&nbsp;HAL_NVIC_SetPriority
<LI><a href="#[a5]">&gt;&gt;</a>&nbsp;&nbsp;&nbsp;HAL_NVIC_EnableIRQ
<LI><a href="#[ca]">&gt;&gt;</a>&nbsp;&nbsp;&nbsp;HAL_TIM_Base_Start_IT
<LI><a href="#[c9]">&gt;&gt;</a>&nbsp;&nbsp;&nbsp;HAL_TIM_Base_Init
<LI><a href="#[c8]">&gt;&gt;</a>&nbsp;&nbsp;&nbsp;HAL_RCC_GetPCLK2Freq
<LI><a href="#[c7]">&gt;&gt;</a>&nbsp;&nbsp;&nbsp;HAL_RCC_GetClockConfig
</UL>
<BR>[Called By]<UL><LI><a href="#[ce]">&gt;&gt;</a>&nbsp;&nbsp;&nbsp;HAL_RCC_ClockConfig
<LI><a href="#[c3]">&gt;&gt;</a>&nbsp;&nbsp;&nbsp;HAL_Init
</UL>

<P><STRONG><a name="[13e]"></a>HAL_MPU_ConfigRegion</STRONG> (Thumb, 86 bytes, Stack size 20 bytes, stm32f7xx_hal_cortex.o(i.HAL_MPU_ConfigRegion))
<BR><BR>[Stack]<UL><LI>Max Depth = 20<LI>Call Chain = HAL_MPU_ConfigRegion
</UL>
<BR>[Called By]<UL><LI><a href="#[78]">&gt;&gt;</a>&nbsp;&nbsp;&nbsp;main
</UL>

<P><STRONG><a name="[13d]"></a>HAL_MPU_Disable</STRONG> (Thumb, 24 bytes, Stack size 0 bytes, stm32f7xx_hal_cortex.o(i.HAL_MPU_Disable))
<BR><BR>[Called By]<UL><LI><a href="#[78]">&gt;&gt;</a>&nbsp;&nbsp;&nbsp;main
</UL>

<P><STRONG><a name="[13f]"></a>HAL_MPU_Enable</STRONG> (Thumb, 30 bytes, Stack size 0 bytes, stm32f7xx_hal_cortex.o(i.HAL_MPU_Enable))
<BR><BR>[Called By]<UL><LI><a href="#[78]">&gt;&gt;</a>&nbsp;&nbsp;&nbsp;main
</UL>

<P><STRONG><a name="[c6]"></a>HAL_MspInit</STRONG> (Thumb, 42 bytes, Stack size 8 bytes, stm32f7xx_hal_msp.o(i.HAL_MspInit))
<BR><BR>[Stack]<UL><LI>Max Depth = 8<LI>Call Chain = HAL_MspInit
</UL>
<BR>[Called By]<UL><LI><a href="#[c3]">&gt;&gt;</a>&nbsp;&nbsp;&nbsp;HAL_Init
</UL>

<P><STRONG><a name="[a5]"></a>HAL_NVIC_EnableIRQ</STRONG> (Thumb, 26 bytes, Stack size 0 bytes, stm32f7xx_hal_cortex.o(i.HAL_NVIC_EnableIRQ))
<BR><BR>[Called By]<UL><LI><a href="#[a3]">&gt;&gt;</a>&nbsp;&nbsp;&nbsp;BSP_PB_Init
<LI><a href="#[e6]">&gt;&gt;</a>&nbsp;&nbsp;&nbsp;I2Cx_MspInit
<LI><a href="#[c5]">&gt;&gt;</a>&nbsp;&nbsp;&nbsp;HAL_InitTick
</UL>

<P><STRONG><a name="[a4]"></a>HAL_NVIC_SetPriority</STRONG> (Thumb, 60 bytes, Stack size 16 bytes, stm32f7xx_hal_cortex.o(i.HAL_NVIC_SetPriority))
<BR><BR>[Stack]<UL><LI>Max Depth = 16<LI>Call Chain = HAL_NVIC_SetPriority
</UL>
<BR>[Calls]<UL><LI><a href="#[cb]">&gt;&gt;</a>&nbsp;&nbsp;&nbsp;__NVIC_SetPriority
</UL>
<BR>[Called By]<UL><LI><a href="#[a3]">&gt;&gt;</a>&nbsp;&nbsp;&nbsp;BSP_PB_Init
<LI><a href="#[e6]">&gt;&gt;</a>&nbsp;&nbsp;&nbsp;I2Cx_MspInit
<LI><a href="#[c5]">&gt;&gt;</a>&nbsp;&nbsp;&nbsp;HAL_InitTick
</UL>

<P><STRONG><a name="[c4]"></a>HAL_NVIC_SetPriorityGrouping</STRONG> (Thumb, 28 bytes, Stack size 8 bytes, stm32f7xx_hal_cortex.o(i.HAL_NVIC_SetPriorityGrouping))
<BR><BR>[Stack]<UL><LI>Max Depth = 8<LI>Call Chain = HAL_NVIC_SetPriorityGrouping
</UL>
<BR>[Called By]<UL><LI><a href="#[c3]">&gt;&gt;</a>&nbsp;&nbsp;&nbsp;HAL_Init
</UL>

<P><STRONG><a name="[cc]"></a>HAL_PWREx_EnableOverDrive</STRONG> (Thumb, 100 bytes, Stack size 24 bytes, stm32f7xx_hal_pwr_ex.o(i.HAL_PWREx_EnableOverDrive))
<BR><BR>[Stack]<UL><LI>Max Depth = 24<LI>Call Chain = HAL_PWREx_EnableOverDrive
</UL>
<BR>[Calls]<UL><LI><a href="#[b3]">&gt;&gt;</a>&nbsp;&nbsp;&nbsp;HAL_GetTick
</UL>
<BR>[Called By]<UL><LI><a href="#[f7]">&gt;&gt;</a>&nbsp;&nbsp;&nbsp;SystemClock_Config
</UL>

<P><STRONG><a name="[f8]"></a>HAL_PWR_EnableBkUpAccess</STRONG> (Thumb, 12 bytes, Stack size 0 bytes, stm32f7xx_hal_pwr.o(i.HAL_PWR_EnableBkUpAccess))
<BR><BR>[Called By]<UL><LI><a href="#[f7]">&gt;&gt;</a>&nbsp;&nbsp;&nbsp;SystemClock_Config
</UL>

<P><STRONG><a name="[cd]"></a>HAL_RCCEx_PeriphCLKConfig</STRONG> (Thumb, 1108 bytes, Stack size 40 bytes, stm32f7xx_hal_rcc_ex.o(i.HAL_RCCEx_PeriphCLKConfig))
<BR><BR>[Stack]<UL><LI>Max Depth = 40<LI>Call Chain = HAL_RCCEx_PeriphCLKConfig
</UL>
<BR>[Calls]<UL><LI><a href="#[b3]">&gt;&gt;</a>&nbsp;&nbsp;&nbsp;HAL_GetTick
</UL>
<BR>[Called By]<UL><LI><a href="#[f7]">&gt;&gt;</a>&nbsp;&nbsp;&nbsp;SystemClock_Config
</UL>

<P><STRONG><a name="[ce]"></a>HAL_RCC_ClockConfig</STRONG> (Thumb, 284 bytes, Stack size 32 bytes, stm32f7xx_hal_rcc.o(i.HAL_RCC_ClockConfig))
<BR><BR>[Stack]<UL><LI>Max Depth = 100<LI>Call Chain = HAL_RCC_ClockConfig &rArr; HAL_InitTick &rArr; HAL_TIM_Base_Init &rArr; TIM_Base_SetConfig
</UL>
<BR>[Calls]<UL><LI><a href="#[b3]">&gt;&gt;</a>&nbsp;&nbsp;&nbsp;HAL_GetTick
<LI><a href="#[cf]">&gt;&gt;</a>&nbsp;&nbsp;&nbsp;HAL_RCC_GetSysClockFreq
<LI><a href="#[c5]">&gt;&gt;</a>&nbsp;&nbsp;&nbsp;HAL_InitTick
</UL>
<BR>[Called By]<UL><LI><a href="#[f7]">&gt;&gt;</a>&nbsp;&nbsp;&nbsp;SystemClock_Config
</UL>

<P><STRONG><a name="[c7]"></a>HAL_RCC_GetClockConfig</STRONG> (Thumb, 56 bytes, Stack size 12 bytes, stm32f7xx_hal_rcc.o(i.HAL_RCC_GetClockConfig))
<BR><BR>[Stack]<UL><LI>Max Depth = 12<LI>Call Chain = HAL_RCC_GetClockConfig
</UL>
<BR>[Called By]<UL><LI><a href="#[c5]">&gt;&gt;</a>&nbsp;&nbsp;&nbsp;HAL_InitTick
</UL>

<P><STRONG><a name="[c8]"></a>HAL_RCC_GetPCLK2Freq</STRONG> (Thumb, 20 bytes, Stack size 0 bytes, stm32f7xx_hal_rcc.o(i.HAL_RCC_GetPCLK2Freq))
<BR><BR>[Called By]<UL><LI><a href="#[c5]">&gt;&gt;</a>&nbsp;&nbsp;&nbsp;HAL_InitTick
</UL>

<P><STRONG><a name="[cf]"></a>HAL_RCC_GetSysClockFreq</STRONG> (Thumb, 88 bytes, Stack size 8 bytes, stm32f7xx_hal_rcc.o(i.HAL_RCC_GetSysClockFreq))
<BR><BR>[Stack]<UL><LI>Max Depth = 48<LI>Call Chain = HAL_RCC_GetSysClockFreq &rArr; __aeabi_uldivmod
</UL>
<BR>[Calls]<UL><LI><a href="#[7e]">&gt;&gt;</a>&nbsp;&nbsp;&nbsp;__aeabi_uldivmod
</UL>
<BR>[Called By]<UL><LI><a href="#[ce]">&gt;&gt;</a>&nbsp;&nbsp;&nbsp;HAL_RCC_ClockConfig
</UL>

<P><STRONG><a name="[d0]"></a>HAL_RCC_OscConfig</STRONG> (Thumb, 888 bytes, Stack size 40 bytes, stm32f7xx_hal_rcc.o(i.HAL_RCC_OscConfig))
<BR><BR>[Stack]<UL><LI>Max Depth = 40<LI>Call Chain = HAL_RCC_OscConfig
</UL>
<BR>[Calls]<UL><LI><a href="#[b3]">&gt;&gt;</a>&nbsp;&nbsp;&nbsp;HAL_GetTick
</UL>
<BR>[Called By]<UL><LI><a href="#[f7]">&gt;&gt;</a>&nbsp;&nbsp;&nbsp;SystemClock_Config
</UL>

<P><STRONG><a name="[af]"></a>HAL_SRAM_Init</STRONG> (Thumb, 86 bytes, Stack size 16 bytes, stm32f7xx_hal_sram.o(i.HAL_SRAM_Init))
<BR><BR>[Stack]<UL><LI>Max Depth = 104<LI>Call Chain = HAL_SRAM_Init &rArr; HAL_SRAM_MspInit &rArr; HAL_FMC_MspInit &rArr; HAL_GPIO_Init
</UL>
<BR>[Calls]<UL><LI><a href="#[d1]">&gt;&gt;</a>&nbsp;&nbsp;&nbsp;HAL_SRAM_MspInit
<LI><a href="#[d3]">&gt;&gt;</a>&nbsp;&nbsp;&nbsp;FMC_NORSRAM_Timing_Init
<LI><a href="#[d2]">&gt;&gt;</a>&nbsp;&nbsp;&nbsp;FMC_NORSRAM_Init
<LI><a href="#[d4]">&gt;&gt;</a>&nbsp;&nbsp;&nbsp;FMC_NORSRAM_Extended_Timing_Init
</UL>
<BR>[Called By]<UL><LI><a href="#[ad]">&gt;&gt;</a>&nbsp;&nbsp;&nbsp;FMC_BANK2_Init
</UL>

<P><STRONG><a name="[d1]"></a>HAL_SRAM_MspInit</STRONG> (Thumb, 4 bytes, Stack size 0 bytes, fmc.o(i.HAL_SRAM_MspInit))
<BR><BR>[Stack]<UL><LI>Max Depth = 88<LI>Call Chain = HAL_SRAM_MspInit &rArr; HAL_FMC_MspInit &rArr; HAL_GPIO_Init
</UL>
<BR>[Calls]<UL><LI><a href="#[b4]">&gt;&gt;</a>&nbsp;&nbsp;&nbsp;HAL_FMC_MspInit
</UL>
<BR>[Called By]<UL><LI><a href="#[af]">&gt;&gt;</a>&nbsp;&nbsp;&nbsp;HAL_SRAM_Init
</UL>

<P><STRONG><a name="[dd]"></a>HAL_TIMEx_Break2Callback</STRONG> (Thumb, 2 bytes, Stack size 0 bytes, stm32f7xx_hal_tim_ex.o(i.HAL_TIMEx_Break2Callback))
<BR><BR>[Called By]<UL><LI><a href="#[d7]">&gt;&gt;</a>&nbsp;&nbsp;&nbsp;HAL_TIM_IRQHandler
</UL>

<P><STRONG><a name="[dc]"></a>HAL_TIMEx_BreakCallback</STRONG> (Thumb, 2 bytes, Stack size 0 bytes, stm32f7xx_hal_tim_ex.o(i.HAL_TIMEx_BreakCallback))
<BR><BR>[Called By]<UL><LI><a href="#[d7]">&gt;&gt;</a>&nbsp;&nbsp;&nbsp;HAL_TIM_IRQHandler
</UL>

<P><STRONG><a name="[df]"></a>HAL_TIMEx_CommutCallback</STRONG> (Thumb, 2 bytes, Stack size 0 bytes, stm32f7xx_hal_tim_ex.o(i.HAL_TIMEx_CommutCallback))
<BR><BR>[Called By]<UL><LI><a href="#[d7]">&gt;&gt;</a>&nbsp;&nbsp;&nbsp;HAL_TIM_IRQHandler
</UL>

<P><STRONG><a name="[c9]"></a>HAL_TIM_Base_Init</STRONG> (Thumb, 54 bytes, Stack size 8 bytes, stm32f7xx_hal_tim.o(i.HAL_TIM_Base_Init))
<BR><BR>[Stack]<UL><LI>Max Depth = 28<LI>Call Chain = HAL_TIM_Base_Init &rArr; TIM_Base_SetConfig
</UL>
<BR>[Calls]<UL><LI><a href="#[d5]">&gt;&gt;</a>&nbsp;&nbsp;&nbsp;HAL_TIM_Base_MspInit
<LI><a href="#[d6]">&gt;&gt;</a>&nbsp;&nbsp;&nbsp;TIM_Base_SetConfig
</UL>
<BR>[Called By]<UL><LI><a href="#[c5]">&gt;&gt;</a>&nbsp;&nbsp;&nbsp;HAL_InitTick
</UL>

<P><STRONG><a name="[d5]"></a>HAL_TIM_Base_MspInit</STRONG> (Thumb, 2 bytes, Stack size 0 bytes, stm32f7xx_hal_tim.o(i.HAL_TIM_Base_MspInit))
<BR><BR>[Called By]<UL><LI><a href="#[c9]">&gt;&gt;</a>&nbsp;&nbsp;&nbsp;HAL_TIM_Base_Init
</UL>

<P><STRONG><a name="[ca]"></a>HAL_TIM_Base_Start_IT</STRONG> (Thumb, 40 bytes, Stack size 0 bytes, stm32f7xx_hal_tim.o(i.HAL_TIM_Base_Start_IT))
<BR><BR>[Called By]<UL><LI><a href="#[c5]">&gt;&gt;</a>&nbsp;&nbsp;&nbsp;HAL_InitTick
</UL>

<P><STRONG><a name="[d8]"></a>HAL_TIM_IC_CaptureCallback</STRONG> (Thumb, 2 bytes, Stack size 0 bytes, stm32f7xx_hal_tim.o(i.HAL_TIM_IC_CaptureCallback))
<BR><BR>[Called By]<UL><LI><a href="#[d7]">&gt;&gt;</a>&nbsp;&nbsp;&nbsp;HAL_TIM_IRQHandler
</UL>

<P><STRONG><a name="[d7]"></a>HAL_TIM_IRQHandler</STRONG> (Thumb, 386 bytes, Stack size 16 bytes, stm32f7xx_hal_tim.o(i.HAL_TIM_IRQHandler))
<BR><BR>[Stack]<UL><LI>Max Depth = 16<LI>Call Chain = HAL_TIM_IRQHandler
</UL>
<BR>[Calls]<UL><LI><a href="#[de]">&gt;&gt;</a>&nbsp;&nbsp;&nbsp;HAL_TIM_TriggerCallback
<LI><a href="#[da]">&gt;&gt;</a>&nbsp;&nbsp;&nbsp;HAL_TIM_PWM_PulseFinishedCallback
<LI><a href="#[d9]">&gt;&gt;</a>&nbsp;&nbsp;&nbsp;HAL_TIM_OC_DelayElapsedCallback
<LI><a href="#[d8]">&gt;&gt;</a>&nbsp;&nbsp;&nbsp;HAL_TIM_IC_CaptureCallback
<LI><a href="#[df]">&gt;&gt;</a>&nbsp;&nbsp;&nbsp;HAL_TIMEx_CommutCallback
<LI><a href="#[dc]">&gt;&gt;</a>&nbsp;&nbsp;&nbsp;HAL_TIMEx_BreakCallback
<LI><a href="#[dd]">&gt;&gt;</a>&nbsp;&nbsp;&nbsp;HAL_TIMEx_Break2Callback
<LI><a href="#[db]">&gt;&gt;</a>&nbsp;&nbsp;&nbsp;HAL_TIM_PeriodElapsedCallback
</UL>
<BR>[Called By]<UL><LI><a href="#[3e]">&gt;&gt;</a>&nbsp;&nbsp;&nbsp;TIM1_UP_TIM10_IRQHandler
</UL>

<P><STRONG><a name="[d9]"></a>HAL_TIM_OC_DelayElapsedCallback</STRONG> (Thumb, 2 bytes, Stack size 0 bytes, stm32f7xx_hal_tim.o(i.HAL_TIM_OC_DelayElapsedCallback))
<BR><BR>[Called By]<UL><LI><a href="#[d7]">&gt;&gt;</a>&nbsp;&nbsp;&nbsp;HAL_TIM_IRQHandler
</UL>

<P><STRONG><a name="[da]"></a>HAL_TIM_PWM_PulseFinishedCallback</STRONG> (Thumb, 2 bytes, Stack size 0 bytes, stm32f7xx_hal_tim.o(i.HAL_TIM_PWM_PulseFinishedCallback))
<BR><BR>[Called By]<UL><LI><a href="#[d7]">&gt;&gt;</a>&nbsp;&nbsp;&nbsp;HAL_TIM_IRQHandler
</UL>

<P><STRONG><a name="[db]"></a>HAL_TIM_PeriodElapsedCallback</STRONG> (Thumb, 14 bytes, Stack size 0 bytes, main.o(i.HAL_TIM_PeriodElapsedCallback))
<BR><BR>[Calls]<UL><LI><a href="#[e0]">&gt;&gt;</a>&nbsp;&nbsp;&nbsp;HAL_IncTick
</UL>
<BR>[Called By]<UL><LI><a href="#[d7]">&gt;&gt;</a>&nbsp;&nbsp;&nbsp;HAL_TIM_IRQHandler
</UL>

<P><STRONG><a name="[de]"></a>HAL_TIM_TriggerCallback</STRONG> (Thumb, 2 bytes, Stack size 0 bytes, stm32f7xx_hal_tim.o(i.HAL_TIM_TriggerCallback))
<BR><BR>[Called By]<UL><LI><a href="#[d7]">&gt;&gt;</a>&nbsp;&nbsp;&nbsp;HAL_TIM_IRQHandler
</UL>

<P><STRONG><a name="[1d]"></a>HardFault_Handler</STRONG> (Thumb, 2 bytes, Stack size 0 bytes, stm32f7xx_it.o(i.HardFault_Handler))
<BR><BR>[Calls]<UL><LI><a href="#[1d]">&gt;&gt;</a>&nbsp;&nbsp;&nbsp;HardFault_Handler
</UL>
<BR>[Called By]<UL><LI><a href="#[1d]">&gt;&gt;</a>&nbsp;&nbsp;&nbsp;HardFault_Handler
</UL>
<BR>[Address Reference Count : 1]<UL><LI> startup_stm32f723xx.o(RESET)
</UL>
<P><STRONG><a name="[e9]"></a>LCD_IO_Delay</STRONG> (Thumb, 4 bytes, Stack size 0 bytes, stm32f723e_discovery.o(i.LCD_IO_Delay))
<BR><BR>[Stack]<UL><LI>Max Depth = 16<LI>Call Chain = LCD_IO_Delay &rArr; HAL_Delay
</UL>
<BR>[Calls]<UL><LI><a href="#[9e]">&gt;&gt;</a>&nbsp;&nbsp;&nbsp;HAL_Delay
</UL>
<BR>[Called By]<UL><LI><a href="#[a]">&gt;&gt;</a>&nbsp;&nbsp;&nbsp;ST7789H2_Init
<LI><a href="#[d]">&gt;&gt;</a>&nbsp;&nbsp;&nbsp;ST7789H2_DisplayOff
</UL>

<P><STRONG><a name="[ea]"></a>LCD_IO_Init</STRONG> (Thumb, 4 bytes, Stack size 0 bytes, stm32f723e_discovery.o(i.LCD_IO_Init))
<BR><BR>[Stack]<UL><LI>Max Depth = 224<LI>Call Chain = LCD_IO_Init &rArr; FMC_BANK2_Init &rArr; HAL_SRAM_Init &rArr; HAL_SRAM_MspInit &rArr; HAL_FMC_MspInit &rArr; HAL_GPIO_Init
</UL>
<BR>[Calls]<UL><LI><a href="#[ad]">&gt;&gt;</a>&nbsp;&nbsp;&nbsp;FMC_BANK2_Init
</UL>
<BR>[Called By]<UL><LI><a href="#[b]">&gt;&gt;</a>&nbsp;&nbsp;&nbsp;ST7789H2_ReadID
<LI><a href="#[a]">&gt;&gt;</a>&nbsp;&nbsp;&nbsp;ST7789H2_Init
</UL>

<P><STRONG><a name="[f5]"></a>LCD_IO_ReadData</STRONG> (Thumb, 8 bytes, Stack size 0 bytes, stm32f723e_discovery.o(i.LCD_IO_ReadData))
[...]
</UL>
<BR>[Calls]<UL><LI><a href="#[143]">&gt;&gt;</a>&nbsp;&nbsp;&nbsp;nl_func_sm_channel_f32
</UL>
<BR>[Called By]<UL><LI><a href="#[1a]">&gt;&gt;</a>&nbsp;&nbsp;&nbsp;forward_sm
</UL>

<P><STRONG><a name="[143]"></a>nl_func_sm_channel_f32</STRONG> (Thumb, 130 bytes, Stack size 32 bytes, layers_nl_generic_float.o(i.nl_func_sm_channel_f32))
<BR><BR>[Stack]<UL><LI>Max Depth = 48<LI>Call Chain = nl_func_sm_channel_f32 &rArr; __hardfp_expf
</UL>
<BR>[Calls]<UL><LI><a href="#[106]">&gt;&gt;</a>&nbsp;&nbsp;&nbsp;__hardfp_expf
</UL>
<BR>[Called By]<UL><LI><a href="#[13b]">&gt;&gt;</a>&nbsp;&nbsp;&nbsp;nl_func_sm_array_f32
</UL>

<P><STRONG><a name="[140]"></a>processingdata</STRONG> (Thumb, 188 bytes, Stack size 32 bytes, main.o(i.processingdata))
<BR><BR>[Stack]<UL><LI>Max Depth = 80<LI>Call Chain = processingdata &rArr; BSP_LCD_FillRect &rArr; BSP_LCD_DrawHLine
</UL>
<BR>[Calls]<UL><LI><a href="#[fe]">&gt;&gt;</a>&nbsp;&nbsp;&nbsp;BSP_LCD_SetTextColor
<LI><a href="#[144]">&gt;&gt;</a>&nbsp;&nbsp;&nbsp;BSP_LCD_ReadPixel
<LI><a href="#[99]">&gt;&gt;</a>&nbsp;&nbsp;&nbsp;BSP_LCD_FillRect
</UL>
<BR>[Called By]<UL><LI><a href="#[78]">&gt;&gt;</a>&nbsp;&nbsp;&nbsp;main
</UL>
<P>
<H3>
Local Symbols
</H3>
<P><STRONG><a name="[ad]"></a>FMC_BANK2_Init</STRONG> (Thumb, 92 bytes, Stack size 120 bytes, stm32f723e_discovery.o(i.FMC_BANK2_Init))
<BR><BR>[Stack]<UL><LI>Max Depth = 224<LI>Call Chain = FMC_BANK2_Init &rArr; HAL_SRAM_Init &rArr; HAL_SRAM_MspInit &rArr; HAL_FMC_MspInit &rArr; HAL_GPIO_Init
</UL>
<BR>[Calls]<UL><LI><a href="#[af]">&gt;&gt;</a>&nbsp;&nbsp;&nbsp;HAL_SRAM_Init
<LI><a href="#[ae]">&gt;&gt;</a>&nbsp;&nbsp;&nbsp;FMC_BANK2_MspInit
</UL>
<BR>[Called By]<UL><LI><a href="#[ea]">&gt;&gt;</a>&nbsp;&nbsp;&nbsp;LCD_IO_Init
</UL>

<P><STRONG><a name="[ae]"></a>FMC_BANK2_MspInit</STRONG> (Thumb, 196 bytes, Stack size 32 bytes, stm32f723e_discovery.o(i.FMC_BANK2_MspInit))
<BR><BR>[Stack]<UL><LI>Max Depth = 72<LI>Call Chain = FMC_BANK2_MspInit &rArr; HAL_GPIO_Init
</UL>
<BR>[Calls]<UL><LI><a href="#[a0]">&gt;&gt;</a>&nbsp;&nbsp;&nbsp;HAL_GPIO_Init
</UL>
<BR>[Called By]<UL><LI><a href="#[ad]">&gt;&gt;</a>&nbsp;&nbsp;&nbsp;FMC_BANK2_Init
</UL>

<P><STRONG><a name="[ec]"></a>FMC_BANK2_WriteData</STRONG> (Thumb, 12 bytes, Stack size 0 bytes, stm32f723e_discovery.o(i.FMC_BANK2_WriteData))
<BR><BR>[Called By]<UL><LI><a href="#[eb]">&gt;&gt;</a>&nbsp;&nbsp;&nbsp;LCD_IO_WriteData
</UL>

<P><STRONG><a name="[e3]"></a>I2Cx_Error</STRONG> (Thumb, 18 bytes, Stack size 8 bytes, stm32f723e_discovery.o(i.I2Cx_Error))
<BR><BR>[Stack]<UL><LI>Max Depth = 68<LI>Call Chain = I2Cx_Error &rArr; HAL_I2C_DeInit &rArr; HAL_I2C_MspDeInit &rArr; HAL_GPIO_DeInit
</UL>
<BR>[Calls]<UL><LI><a href="#[b6]">&gt;&gt;</a>&nbsp;&nbsp;&nbsp;HAL_I2C_DeInit
</UL>
<BR>[Called By]<UL><LI><a href="#[e8]">&gt;&gt;</a>&nbsp;&nbsp;&nbsp;I2Cx_WriteMultiple
<LI><a href="#[e7]">&gt;&gt;</a>&nbsp;&nbsp;&nbsp;I2Cx_ReadMultiple
</UL>

<P><STRONG><a name="[e4]"></a>I2Cx_Init</STRONG> (Thumb, 76 bytes, Stack size 8 bytes, stm32f723e_discovery.o(i.I2Cx_Init))
<BR><BR>[Stack]<UL><LI>Max Depth = 120<LI>Call Chain = I2Cx_Init &rArr; HAL_I2C_Init &rArr; HAL_I2C_MspInit &rArr; HAL_GPIO_Init
</UL>
<BR>[Calls]<UL><LI><a href="#[b8]">&gt;&gt;</a>&nbsp;&nbsp;&nbsp;HAL_I2C_Init
<LI><a href="#[e5]">&gt;&gt;</a>&nbsp;&nbsp;&nbsp;HAL_I2C_GetState
<LI><a href="#[e6]">&gt;&gt;</a>&nbsp;&nbsp;&nbsp;I2Cx_MspInit
</UL>
<BR>[Called By]<UL><LI><a href="#[f9]">&gt;&gt;</a>&nbsp;&nbsp;&nbsp;TS_IO_Init
</UL>

<P><STRONG><a name="[e6]"></a>I2Cx_MspInit</STRONG> (Thumb, 424 bytes, Stack size 48 bytes, stm32f723e_discovery.o(i.I2Cx_MspInit))
<BR><BR>[Stack]<UL><LI>Max Depth = 88<LI>Call Chain = I2Cx_MspInit &rArr; HAL_GPIO_Init
</UL>
<BR>[Calls]<UL><LI><a href="#[a4]">&gt;&gt;</a>&nbsp;&nbsp;&nbsp;HAL_NVIC_SetPriority
<LI><a href="#[a5]">&gt;&gt;</a>&nbsp;&nbsp;&nbsp;HAL_NVIC_EnableIRQ
<LI><a href="#[a0]">&gt;&gt;</a>&nbsp;&nbsp;&nbsp;HAL_GPIO_Init
</UL>
<BR>[Called By]<UL><LI><a href="#[e4]">&gt;&gt;</a>&nbsp;&nbsp;&nbsp;I2Cx_Init
</UL>

<P><STRONG><a name="[e7]"></a>I2Cx_ReadMultiple</STRONG> (Thumb, 42 bytes, Stack size 32 bytes, stm32f723e_discovery.o(i.I2Cx_ReadMultiple))
<BR><BR>[Stack]<UL><LI>Max Depth = 168<LI>Call Chain = I2Cx_ReadMultiple &rArr; HAL_I2C_Mem_Read &rArr; I2C_RequestMemoryRead &rArr; I2C_WaitOnTXISFlagUntilTimeout &rArr; I2C_IsAcknowledgeFailed
</UL>
<BR>[Calls]<UL><LI><a href="#[ba]">&gt;&gt;</a>&nbsp;&nbsp;&nbsp;HAL_I2C_Mem_Read
<LI><a href="#[e3]">&gt;&gt;</a>&nbsp;&nbsp;&nbsp;I2Cx_Error
</UL>
<BR>[Called By]<UL><LI><a href="#[fb]">&gt;&gt;</a>&nbsp;&nbsp;&nbsp;TS_IO_ReadMultiple
<LI><a href="#[fa]">&gt;&gt;</a>&nbsp;&nbsp;&nbsp;TS_IO_Read
</UL>

<P><STRONG><a name="[e8]"></a>I2Cx_WriteMultiple</STRONG> (Thumb, 42 bytes, Stack size 32 bytes, stm32f723e_discovery.o(i.I2Cx_WriteMultiple))
<BR><BR>[Stack]<UL><LI>Max Depth = 168<LI>Call Chain = I2Cx_WriteMultiple &rArr; HAL_I2C_Mem_Write &rArr; I2C_RequestMemoryWrite &rArr; I2C_WaitOnTXISFlagUntilTimeout &rArr; I2C_IsAcknowledgeFailed
</UL>
<BR>[Calls]<UL><LI><a href="#[bf]">&gt;&gt;</a>&nbsp;&nbsp;&nbsp;HAL_I2C_Mem_Write
<LI><a href="#[e3]">&gt;&gt;</a>&nbsp;&nbsp;&nbsp;I2Cx_Error
</UL>
<BR>[Called By]<UL><LI><a href="#[fc]">&gt;&gt;</a>&nbsp;&nbsp;&nbsp;TS_IO_Write
</UL>

<P><STRONG><a name="[93]"></a>DrawChar</STRONG> (Thumb, 152 bytes, Stack size 48 bytes, stm32f723e_discovery_lcd.o(i.DrawChar))
<BR><BR>[Stack]<UL><LI>Max Depth = 48<LI>Call Chain = DrawChar
</UL>
<BR>[Calls]<UL><LI><a href="#[97]">&gt;&gt;</a>&nbsp;&nbsp;&nbsp;BSP_LCD_DrawPixel
</UL>
<BR>[Called By]<UL><LI><a href="#[92]">&gt;&gt;</a>&nbsp;&nbsp;&nbsp;BSP_LCD_DisplayChar
</UL>

<P><STRONG><a name="[13c]"></a>ft6x06_GetInstance</STRONG> (Thumb, 24 bytes, Stack size 0 bytes, ft6x06.o(i.ft6x06_GetInstance))
<BR><BR>[Called By]<UL><LI><a href="#[0]">&gt;&gt;</a>&nbsp;&nbsp;&nbsp;ft6x06_Init
</UL>

<P><STRONG><a name="[f3]"></a>ST7789H2_DrawRGBHLine</STRONG> (Thumb, 78 bytes, Stack size 32 bytes, st7789h2.o(i.ST7789H2_DrawRGBHLine))
<BR><BR>[Stack]<UL><LI>Max Depth = 56<LI>Call Chain = ST7789H2_DrawRGBHLine &rArr; ST7789H2_WriteReg &rArr; LCD_IO_WriteData
</UL>
<BR>[Calls]<UL><LI><a href="#[eb]">&gt;&gt;</a>&nbsp;&nbsp;&nbsp;LCD_IO_WriteData
<LI><a href="#[f2]">&gt;&gt;</a>&nbsp;&nbsp;&nbsp;ST7789H2_WriteReg
</UL>
<BR>[Called By]<UL><LI><a href="#[17]">&gt;&gt;</a>&nbsp;&nbsp;&nbsp;ST7789H2_DrawRGBImage
<LI><a href="#[16]">&gt;&gt;</a>&nbsp;&nbsp;&nbsp;ST7789H2_DrawBitmap
</UL>

<P><STRONG><a name="[fd]"></a>TouchScreen_Calibration_GetPhysValues</STRONG> (Thumb, 92 bytes, Stack size 24 bytes, ts_calibration.o(i.TouchScreen_Calibration_GetPhysValues))
<BR><BR>[Stack]<UL><LI>Max Depth = 344<LI>Call Chain = TouchScreen_Calibration_GetPhysValues &rArr; TouchScreen_Calibration_WaitForPressedState &rArr; BSP_TS_GetState &rArr; BSP_TS_Get_GestureId &rArr; ft6x06_TS_GetGestureID &rArr; TS_IO_Read &rArr; I2Cx_ReadMultiple &rArr; HAL_I2C_Mem_Read &rArr; I2C_RequestMemoryRead &rArr; I2C_WaitOnTXISFlagUntilTimeout &rArr; I2C_IsAcknowledgeFailed
</UL>
<BR>[Calls]<UL><LI><a href="#[fe]">&gt;&gt;</a>&nbsp;&nbsp;&nbsp;BSP_LCD_SetTextColor
<LI><a href="#[98]">&gt;&gt;</a>&nbsp;&nbsp;&nbsp;BSP_LCD_FillCircle
<LI><a href="#[ff]">&gt;&gt;</a>&nbsp;&nbsp;&nbsp;TouchScreen_Calibration_WaitForPressedState
</UL>
<BR>[Called By]<UL><LI><a href="#[103]">&gt;&gt;</a>&nbsp;&nbsp;&nbsp;Touchscreen_Calibration
</UL>

<P><STRONG><a name="[ff]"></a>TouchScreen_Calibration_WaitForPressedState</STRONG> (Thumb, 142 bytes, Stack size 24 bytes, ts_calibration.o(i.TouchScreen_Calibration_WaitForPressedState))
<BR><BR>[Stack]<UL><LI>Max Depth = 320<LI>Call Chain = TouchScreen_Calibration_WaitForPressedState &rArr; BSP_TS_GetState &rArr; BSP_TS_Get_GestureId &rArr; ft6x06_TS_GetGestureID &rArr; TS_IO_Read &rArr; I2Cx_ReadMultiple &rArr; HAL_I2C_Mem_Read &rArr; I2C_RequestMemoryRead &rArr; I2C_WaitOnTXISFlagUntilTimeout &rArr; I2C_IsAcknowledgeFailed
</UL>
<BR>[Calls]<UL><LI><a href="#[9e]">&gt;&gt;</a>&nbsp;&nbsp;&nbsp;HAL_Delay
<LI><a href="#[b3]">&gt;&gt;</a>&nbsp;&nbsp;&nbsp;HAL_GetTick
<LI><a href="#[ac]">&gt;&gt;</a>&nbsp;&nbsp;&nbsp;CheckForUserInput
<LI><a href="#[a6]">&gt;&gt;</a>&nbsp;&nbsp;&nbsp;BSP_TS_GetState
</UL>
<BR>[Called By]<UL><LI><a href="#[fd]">&gt;&gt;</a>&nbsp;&nbsp;&nbsp;TouchScreen_Calibration_GetPhysValues
</UL>

<P><STRONG><a name="[100]"></a>TouchscreenCalibration_SetHint</STRONG> (Thumb, 174 bytes, Stack size 8 bytes, ts_calibration.o(i.TouchscreenCalibration_SetHint))
<BR><BR>[Stack]<UL><LI>Max Depth = 96<LI>Call Chain = TouchscreenCalibration_SetHint &rArr; BSP_LCD_DisplayStringAt &rArr; BSP_LCD_DisplayChar &rArr; DrawChar
</UL>
<BR>[Calls]<UL><LI><a href="#[fe]">&gt;&gt;</a>&nbsp;&nbsp;&nbsp;BSP_LCD_SetTextColor
<LI><a href="#[102]">&gt;&gt;</a>&nbsp;&nbsp;&nbsp;BSP_LCD_SetFont
<LI><a href="#[101]">&gt;&gt;</a>&nbsp;&nbsp;&nbsp;BSP_LCD_SetBackColor
<LI><a href="#[8f]">&gt;&gt;</a>&nbsp;&nbsp;&nbsp;BSP_LCD_GetYSize
<LI><a href="#[94]">&gt;&gt;</a>&nbsp;&nbsp;&nbsp;BSP_LCD_DisplayStringAt
<LI><a href="#[8e]">&gt;&gt;</a>&nbsp;&nbsp;&nbsp;BSP_LCD_Clear
</UL>
<BR>[Called By]<UL><LI><a href="#[103]">&gt;&gt;</a>&nbsp;&nbsp;&nbsp;Touchscreen_Calibration
</UL>

<P><STRONG><a name="[129]"></a>network_configure_weights</STRONG> (Thumb, 128 bytes, Stack size 12 bytes, network.o(i.network_configure_weights))
<BR><BR>[Stack]<UL><LI>Max Depth = 12<LI>Call Chain = network_configure_weights
</UL>
<BR>[Called By]<UL><LI><a href="#[11c]">&gt;&gt;</a>&nbsp;&nbsp;&nbsp;ai_network_init
</UL>

<P><STRONG><a name="[b4]"></a>HAL_FMC_MspInit</STRONG> (Thumb, 132 bytes, Stack size 48 bytes, fmc.o(i.HAL_FMC_MspInit))
<BR><BR>[Stack]<UL><LI>Max Depth = 88<LI>Call Chain = HAL_FMC_MspInit &rArr; HAL_GPIO_Init
</UL>
<BR>[Calls]<UL><LI><a href="#[a0]">&gt;&gt;</a>&nbsp;&nbsp;&nbsp;HAL_GPIO_Init
<LI><a href="#[b5]">&gt;&gt;</a>&nbsp;&nbsp;&nbsp;__aeabi_memclr4
</UL>
<BR>[Called By]<UL><LI><a href="#[d1]">&gt;&gt;</a>&nbsp;&nbsp;&nbsp;HAL_SRAM_MspInit
</UL>

<P><STRONG><a name="[cb]"></a>__NVIC_SetPriority</STRONG> (Thumb, 34 bytes, Stack size 0 bytes, stm32f7xx_hal_cortex.o(i.__NVIC_SetPriority))
<BR><BR>[Called By]<UL><LI><a href="#[a4]">&gt;&gt;</a>&nbsp;&nbsp;&nbsp;HAL_NVIC_SetPriority
</UL>

<P><STRONG><a name="[e2]"></a>I2C_Flush_TXDR</STRONG> (Thumb, 34 bytes, Stack size 0 bytes, stm32f7xx_hal_i2c.o(i.I2C_Flush_TXDR))
<BR><BR>[Called By]<UL><LI><a href="#[e1]">&gt;&gt;</a>&nbsp;&nbsp;&nbsp;I2C_IsAcknowledgeFailed
</UL>

<P><STRONG><a name="[e1]"></a>I2C_IsAcknowledgeFailed</STRONG> (Thumb, 132 bytes, Stack size 24 bytes, stm32f7xx_hal_i2c.o(i.I2C_IsAcknowledgeFailed))
<BR><BR>[Stack]<UL><LI>Max Depth = 24<LI>Call Chain = I2C_IsAcknowledgeFailed
</UL>
<BR>[Calls]<UL><LI><a href="#[b3]">&gt;&gt;</a>&nbsp;&nbsp;&nbsp;HAL_GetTick
<LI><a href="#[e2]">&gt;&gt;</a>&nbsp;&nbsp;&nbsp;I2C_Flush_TXDR
</UL>
<BR>[Called By]<UL><LI><a href="#[c1]">&gt;&gt;</a>&nbsp;&nbsp;&nbsp;I2C_WaitOnTXISFlagUntilTimeout
<LI><a href="#[be]">&gt;&gt;</a>&nbsp;&nbsp;&nbsp;I2C_WaitOnSTOPFlagUntilTimeout
</UL>

<P><STRONG><a name="[bc]"></a>I2C_RequestMemoryRead</STRONG> (Thumb, 94 bytes, Stack size 32 bytes, stm32f7xx_hal_i2c.o(i.I2C_RequestMemoryRead))
<BR><BR>[Stack]<UL><LI>Max Depth = 72<LI>Call Chain = I2C_RequestMemoryRead &rArr; I2C_WaitOnTXISFlagUntilTimeout &rArr; I2C_IsAcknowledgeFailed
</UL>
<BR>[Calls]<UL><LI><a href="#[c1]">&gt;&gt;</a>&nbsp;&nbsp;&nbsp;I2C_WaitOnTXISFlagUntilTimeout
<LI><a href="#[bb]">&gt;&gt;</a>&nbsp;&nbsp;&nbsp;I2C_WaitOnFlagUntilTimeout
<LI><a href="#[bd]">&gt;&gt;</a>&nbsp;&nbsp;&nbsp;I2C_TransferConfig
</UL>
<BR>[Called By]<UL><LI><a href="#[ba]">&gt;&gt;</a>&nbsp;&nbsp;&nbsp;HAL_I2C_Mem_Read
</UL>

<P><STRONG><a name="[c0]"></a>I2C_RequestMemoryWrite</STRONG> (Thumb, 94 bytes, Stack size 32 bytes, stm32f7xx_hal_i2c.o(i.I2C_RequestMemoryWrite))
<BR><BR>[Stack]<UL><LI>Max Depth = 72<LI>Call Chain = I2C_RequestMemoryWrite &rArr; I2C_WaitOnTXISFlagUntilTimeout &rArr; I2C_IsAcknowledgeFailed
</UL>
<BR>[Calls]<UL><LI><a href="#[c1]">&gt;&gt;</a>&nbsp;&nbsp;&nbsp;I2C_WaitOnTXISFlagUntilTimeout
<LI><a href="#[bb]">&gt;&gt;</a>&nbsp;&nbsp;&nbsp;I2C_WaitOnFlagUntilTimeout
<LI><a href="#[bd]">&gt;&gt;</a>&nbsp;&nbsp;&nbsp;I2C_TransferConfig
</UL>
<BR>[Called By]<UL><LI><a href="#[bf]">&gt;&gt;</a>&nbsp;&nbsp;&nbsp;HAL_I2C_Mem_Write
</UL>

<P><STRONG><a name="[bd]"></a>I2C_TransferConfig</STRONG> (Thumb, 40 bytes, Stack size 16 bytes, stm32f7xx_hal_i2c.o(i.I2C_TransferConfig))
<BR><BR>[Stack]<UL><LI>Max Depth = 16<LI>Call Chain = I2C_TransferConfig
</UL>
<BR>[Called By]<UL><LI><a href="#[bf]">&gt;&gt;</a>&nbsp;&nbsp;&nbsp;HAL_I2C_Mem_Write
<LI><a href="#[ba]">&gt;&gt;</a>&nbsp;&nbsp;&nbsp;HAL_I2C_Mem_Read
<LI><a href="#[c0]">&gt;&gt;</a>&nbsp;&nbsp;&nbsp;I2C_RequestMemoryWrite
<LI><a href="#[bc]">&gt;&gt;</a>&nbsp;&nbsp;&nbsp;I2C_RequestMemoryRead
</UL>

<P><STRONG><a name="[bb]"></a>I2C_WaitOnFlagUntilTimeout</STRONG> (Thumb, 90 bytes, Stack size 24 bytes, stm32f7xx_hal_i2c.o(i.I2C_WaitOnFlagUntilTimeout))
<BR><BR>[Stack]<UL><LI>Max Depth = 24<LI>Call Chain = I2C_WaitOnFlagUntilTimeout
</UL>
<BR>[Calls]<UL><LI><a href="#[b3]">&gt;&gt;</a>&nbsp;&nbsp;&nbsp;HAL_GetTick
</UL>
<BR>[Called By]<UL><LI><a href="#[bf]">&gt;&gt;</a>&nbsp;&nbsp;&nbsp;HAL_I2C_Mem_Write
<LI><a href="#[ba]">&gt;&gt;</a>&nbsp;&nbsp;&nbsp;HAL_I2C_Mem_Read
<LI><a href="#[c0]">&gt;&gt;</a>&nbsp;&nbsp;&nbsp;I2C_RequestMemoryWrite
<LI><a href="#[bc]">&gt;&gt;</a>&nbsp;&nbsp;&nbsp;I2C_RequestMemoryRead
</UL>

<P><STRONG><a name="[be]"></a>I2C_WaitOnSTOPFlagUntilTimeout</STRONG> (Thumb, 78 bytes, Stack size 16 bytes, stm32f7xx_hal_i2c.o(i.I2C_WaitOnSTOPFlagUntilTimeout))
<BR><BR>[Stack]<UL><LI>Max Depth = 40<LI>Call Chain = I2C_WaitOnSTOPFlagUntilTimeout &rArr; I2C_IsAcknowledgeFailed
</UL>
<BR>[Calls]<UL><LI><a href="#[b3]">&gt;&gt;</a>&nbsp;&nbsp;&nbsp;HAL_GetTick
<LI><a href="#[e1]">&gt;&gt;</a>&nbsp;&nbsp;&nbsp;I2C_IsAcknowledgeFailed
</UL>
<BR>[Called By]<UL><LI><a href="#[bf]">&gt;&gt;</a>&nbsp;&nbsp;&nbsp;HAL_I2C_Mem_Write
<LI><a href="#[ba]">&gt;&gt;</a>&nbsp;&nbsp;&nbsp;HAL_I2C_Mem_Read
</UL>

<P><STRONG><a name="[c1]"></a>I2C_WaitOnTXISFlagUntilTimeout</STRONG> (Thumb, 82 bytes, Stack size 16 bytes, stm32f7xx_hal_i2c.o(i.I2C_WaitOnTXISFlagUntilTimeout))
<BR><BR>[Stack]<UL><LI>Max Depth = 40<LI>Call Chain = I2C_WaitOnTXISFlagUntilTimeout &rArr; I2C_IsAcknowledgeFailed
</UL>
<BR>[Calls]<UL><LI><a href="#[b3]">&gt;&gt;</a>&nbsp;&nbsp;&nbsp;HAL_GetTick
<LI><a href="#[e1]">&gt;&gt;</a>&nbsp;&nbsp;&nbsp;I2C_IsAcknowledgeFailed
</UL>
<BR>[Called By]<UL><LI><a href="#[bf]">&gt;&gt;</a>&nbsp;&nbsp;&nbsp;HAL_I2C_Mem_Write
<LI><a href="#[c0]">&gt;&gt;</a>&nbsp;&nbsp;&nbsp;I2C_RequestMemoryWrite
<LI><a href="#[bc]">&gt;&gt;</a>&nbsp;&nbsp;&nbsp;I2C_RequestMemoryRead
</UL>

<P><STRONG><a name="[12d]"></a>CRC_Lock</STRONG> (Thumb, 130 bytes, Stack size 20 bytes, ai_platform_interface.o(i.CRC_Lock))
<BR><BR>[Stack]<UL><LI>Max Depth = 20<LI>Call Chain = CRC_Lock
</UL>
<BR>[Called By]<UL><LI><a href="#[125]">&gt;&gt;</a>&nbsp;&nbsp;&nbsp;ai_platform_network_create
<LI><a href="#[12c]">&gt;&gt;</a>&nbsp;&nbsp;&nbsp;ai_platform_context_acquire
</UL>

<P><STRONG><a name="[10e]"></a>_platform_network_io_bind</STRONG> (Thumb, 534 bytes, Stack size 48 bytes, ai_platform_interface.o(i._platform_network_io_bind))
<BR><BR>[Stack]<UL><LI>Max Depth = 60<LI>Call Chain = _platform_network_io_bind &rArr; ai_array_to_buffer_fmt
</UL>
<BR>[Calls]<UL><LI><a href="#[110]">&gt;&gt;</a>&nbsp;&nbsp;&nbsp;ai_array_to_buffer_fmt
<LI><a href="#[10f]">&gt;&gt;</a>&nbsp;&nbsp;&nbsp;ai_array_get_byte_size
<LI><a href="#[112]">&gt;&gt;</a>&nbsp;&nbsp;&nbsp;ai_platform_network_set_error
<LI><a href="#[111]">&gt;&gt;</a>&nbsp;&nbsp;&nbsp;_platform_network_state_setup
</UL>
<BR>[Called By]<UL><LI><a href="#[12b]">&gt;&gt;</a>&nbsp;&nbsp;&nbsp;ai_platform_network_process
</UL>

<P><STRONG><a name="[111]"></a>_platform_network_state_setup</STRONG> (Thumb, 56 bytes, Stack size 12 bytes, ai_platform_interface.o(i._platform_network_state_setup))
<BR><BR>[Stack]<UL><LI>Max Depth = 12<LI>Call Chain = _platform_network_state_setup
</UL>
<BR>[Called By]<UL><LI><a href="#[10e]">&gt;&gt;</a>&nbsp;&nbsp;&nbsp;_platform_network_io_bind
</UL>

<P><STRONG><a name="[113]"></a>_platform_network_state_update_input</STRONG> (Thumb, 108 bytes, Stack size 24 bytes, ai_platform_interface.o(i._platform_network_state_update_input))
<BR><BR>[Stack]<UL><LI>Max Depth = 24<LI>Call Chain = _platform_network_state_update_input
</UL>
<BR>[Calls]<UL><LI><a href="#[114]">&gt;&gt;</a>&nbsp;&nbsp;&nbsp;__aeabi_memcpy
</UL>
<BR>[Called By]<UL><LI><a href="#[12b]">&gt;&gt;</a>&nbsp;&nbsp;&nbsp;ai_platform_network_process
</UL>

<P><STRONG><a name="[115]"></a>_platform_network_state_update_output</STRONG> (Thumb, 128 bytes, Stack size 24 bytes, ai_platform_interface.o(i._platform_network_state_update_output))
<BR><BR>[Stack]<UL><LI>Max Depth = 24<LI>Call Chain = _platform_network_state_update_output
</UL>
<BR>[Calls]<UL><LI><a href="#[114]">&gt;&gt;</a>&nbsp;&nbsp;&nbsp;__aeabi_memcpy
</UL>
<BR>[Called By]<UL><LI><a href="#[12b]">&gt;&gt;</a>&nbsp;&nbsp;&nbsp;ai_platform_network_process
</UL>

<P><STRONG><a name="[136]"></a>__ai_math_dot_array_opt</STRONG> (Thumb, 244 bytes, Stack size 0 bytes, layers_conv2d_generic_float.o(i.__ai_math_dot_array_opt))
<BR><BR>[Called By]<UL><LI><a href="#[18]">&gt;&gt;</a>&nbsp;&nbsp;&nbsp;forward_dense
</UL>

<P><STRONG><a name="[137]"></a>ai_shape_get_size</STRONG> (Thumb, 26 bytes, Stack size 0 bytes, layers_nl_generic_float.o(i.ai_shape_get_size))
<BR><BR>[Called By]<UL><LI><a href="#[1a]">&gt;&gt;</a>&nbsp;&nbsp;&nbsp;forward_sm
<LI><a href="#[19]">&gt;&gt;</a>&nbsp;&nbsp;&nbsp;forward_relu
</UL>

<P><STRONG><a name="[124]"></a>ai_forward_layer</STRONG> (Thumb, 18 bytes, Stack size 8 bytes, layers.o(i.ai_forward_layer))
<BR><BR>[Stack]<UL><LI>Max Depth = 8<LI>Call Chain = ai_forward_layer
</UL>
<BR>[Called By]<UL><LI><a href="#[123]">&gt;&gt;</a>&nbsp;&nbsp;&nbsp;ai_layers_forward_all
</UL>

<P><STRONG><a name="[10c]"></a>_fp_digits</STRONG> (Thumb, 366 bytes, Stack size 64 bytes, printfa.o(i._fp_digits), UNUSED)
<BR><BR>[Calls]<UL><LI><a href="#[7e]">&gt;&gt;</a>&nbsp;&nbsp;&nbsp;__aeabi_uldivmod
<LI><a href="#[8a]">&gt;&gt;</a>&nbsp;&nbsp;&nbsp;__aeabi_dmul
<LI><a href="#[8b]">&gt;&gt;</a>&nbsp;&nbsp;&nbsp;__aeabi_ddiv
<LI><a href="#[84]">&gt;&gt;</a>&nbsp;&nbsp;&nbsp;__aeabi_dadd
<LI><a href="#[8c]">&gt;&gt;</a>&nbsp;&nbsp;&nbsp;__aeabi_d2ulz
<LI><a href="#[10d]">&gt;&gt;</a>&nbsp;&nbsp;&nbsp;__aeabi_cdrcmple
</UL>
<BR>[Called By]<UL><LI><a href="#[105]">&gt;&gt;</a>&nbsp;&nbsp;&nbsp;_printf_core
</UL>

<P><STRONG><a name="[105]"></a>_printf_core</STRONG> (Thumb, 1744 bytes, Stack size 136 bytes, printfa.o(i._printf_core), UNUSED)
<BR><BR>[Calls]<UL><LI><a href="#[7e]">&gt;&gt;</a>&nbsp;&nbsp;&nbsp;__aeabi_uldivmod
<LI><a href="#[118]">&gt;&gt;</a>&nbsp;&nbsp;&nbsp;__aeabi_uidivmod
<LI><a href="#[116]">&gt;&gt;</a>&nbsp;&nbsp;&nbsp;_printf_pre_padding
<LI><a href="#[117]">&gt;&gt;</a>&nbsp;&nbsp;&nbsp;_printf_post_padding
<LI><a href="#[10c]">&gt;&gt;</a>&nbsp;&nbsp;&nbsp;_fp_digits
</UL>
<BR>[Called By]<UL><LI><a href="#[104]">&gt;&gt;</a>&nbsp;&nbsp;&nbsp;__0sprintf
</UL>

<P><STRONG><a name="[117]"></a>_printf_post_padding</STRONG> (Thumb, 36 bytes, Stack size 24 bytes, printfa.o(i._printf_post_padding), UNUSED)
<BR><BR>[Called By]<UL><LI><a href="#[105]">&gt;&gt;</a>&nbsp;&nbsp;&nbsp;_printf_core
</UL>

<P><STRONG><a name="[116]"></a>_printf_pre_padding</STRONG> (Thumb, 46 bytes, Stack size 24 bytes, printfa.o(i._printf_pre_padding), UNUSED)
<BR><BR>[Called By]<UL><LI><a href="#[105]">&gt;&gt;</a>&nbsp;&nbsp;&nbsp;_printf_core
</UL>

<P><STRONG><a name="[7b]"></a>_sputc</STRONG> (Thumb, 10 bytes, Stack size 0 bytes, printfa.o(i._sputc))
<BR><BR>[Called By]<UL><LI><a href="#[104]">&gt;&gt;</a>&nbsp;&nbsp;&nbsp;__0sprintf
</UL>
<BR>[Address Reference Count : 1]<UL><LI> printfa.o(i.__0sprintf)
</UL><P>
<H3>
Undefined Global Symbols
</H3><HR></body></html>
