<html>
<body>
<pre>
<h1>µVision Build Log</h1>
<h2>Tool Versions:</h2>
IDE-Version: ÂµVision V5.29.0.0
Copyright (C) 2019 ARM Ltd and ARM Germany GmbH. All rights reserved.
License Information: Jacob Ueltzen HTWK Flex license: MDK Professional 5.29 (Flex): 25 user(s) (mdk_pro) Operation stops: 2 Mar 2021
 
Tool Versions:
Toolchain:       MDK Professional 5.29 (Flex): 25 user(s)  Version: 5.29.0.0
Toolchain Path:  C:\Keil_v5\ARM\ARMCC\Bin
C Compiler:      Armcc.exe V5.06 update 6 (build 750)
Assembler:       Armasm.exe V5.06 update 6 (build 750)
Linker/Locator:  ArmLink.exe V5.06 update 6 (build 750)
Library Manager: ArmAr.exe V5.06 update 6 (build 750)
Hex Converter:   FromElf.exe V5.06 update 6 (build 750)
CPU DLL:         SARMCM3.DLL V5.29.0.0
Dialog DLL:      DCM.DLL V1.17.3.0
Target DLL:      STLink\ST-LINKIII-KEIL_SWO.dll V3.0.7.0
Dialog DLL:      TCM.DLL V1.36.5.0
 
<h2>Project:</h2>
C:\Users\Work\Desktop\MNIST-AI-STM32F7\CMSIS_NNoM\test_densenet\MDK-ARM\Project.uvprojx
Project File Date:  02/19/2021

<h2>Output:</h2>
*** Using Compiler 'V5.06 update 6 (build 750)', folder: 'C:\Keil_v5\ARM\ARMCC\Bin'
Rebuild target 'STM32F723E-Discovery'
compiling stm32f7xx_hal_i2c_ex.c...
compiling stm32f7xx_hal_gpio.c...
compiling stm32f7xx_hal.c...
compiling stm32f7xx_hal_sram.c...
compiling stm32f7xx_hal_cortex.c...
compiling stm32f7xx_hal_pwr_ex.c...
compiling stm32f7xx_hal_rcc_ex.c...
compiling stm32f7xx_hal_pwr.c...
compiling stm32f7xx_hal_rcc.c...
compiling stm32f7xx_hal_qspi.c...
compiling stm32f7xx_hal_uart.c...
compiling stm32f723e_discovery_psram.c...
compiling stm32f7xx_hal_sai.c...
compiling stm32f723e_discovery_qspi.c...
compiling stm32f7xx_hal_dma_ex.c...
compiling stm32f723e_discovery_ts.c...
compiling stm32f7xx_hal_sai_ex.c...
compiling stm32f7xx_ll_fmc.c...
compiling stm32f723e_discovery_audio.c...
compiling stm32f723e_discovery_lcd.c...
compiling stm32f7xx_hal_dma.c...
compiling st7789h2.c...
compiling stm32f7xx_hal_i2c.c...
compiling wm8994.c...
compiling ft6x06.c...
assembling startup_stm32f723xx.s...
compiling nnom_local.c...
..\Src\backends\nnom_local.c(750): warning:  #177-D: variable "shift_steps"  was declared but never referenced
      int shift_idx, shift_steps;
..\Src\backends\nnom_local.c(821): warning:  #177-D: variable "i_out"  was declared but never referenced
      int i_out = 0;
..\Src\backends\nnom_local.c(822): warning:  #177-D: variable "shift_steps"  was declared but never referenced
      int shift_idx, shift_steps;
..\Src\backends\nnom_local.c: 3 warnings, 0 errors
compiling nnom_local_q15.c...
compiling nnom_layers.c...
compiling nnom.c...
..\Src\core\nnom.c(76): warning:  #177-D: function "find_index"  was declared but never referenced
  static uint32_t find_index(nnom_layer_t *start, nnom_layer_t *layer)
..\Src\core\nnom.c(451): warning:  #177-D: function "layer_shortcut_find_last"  was declared but never referenced
  static nnom_layer_t *layer_shortcut_find_last(nnom_layer_t *start)
..\Src\core\nnom.c: 2 warnings, 0 errors
compiling nnom_tensor.c...
compiling nnom_utils.c...
compiling system_stm32f7xx.c...
compiling nnom_activation.c...
compiling stm32f723e_discovery.c...
compiling nnom_avgpool.c...
compiling nnom_baselayer.c...
compiling nnom_concat.c...
compiling stm32f7xx_it.c...
compiling qspi.c...
compiling ts_calibration.c...
compiling psram.c...
compiling nnom_cropping.c...
compiling nnom_conv2d_trans.c...
compiling lcd_log.c...
compiling lcd.c...
compiling nnom_flatten.c...
compiling nnom_conv2d.c...
..\Src\layers\nnom_conv2d.c(432): warning:  #940-D: missing return statement at end of non-void function "conv2d_run" 
  }
..\Src\layers\nnom_conv2d.c: 1 warning, 0 errors
compiling nnom_global_pool.c...
compiling nnom_lambda.c...
compiling nnom_input.c...
compiling nnom_dense.c...
compiling main.c...
../Src/main.c(119): warning:  #177-D: variable "first_guess_str"  was declared but never referenced
    char first_guess_str[12];
../Src/main.c(120): warning:  #177-D: variable "second_guess_str"  was declared but never referenced
    char second_guess_str[12];
../Src/main.c: 2 warnings, 0 errors
compiling nnom_output.c...
compiling nnom_dw_conv2d.c...
compiling nnom_gru_cell.c...
compiling nnom_rnn.c...
compiling nnom_lstm_cell.c...
compiling nnom_upsample.c...
compiling nnom_maxpool.c...
compiling nnom_zero_padding.c...
compiling nnom_sumpool.c...
compiling nnom_matrix.c...
compiling nnom_softmax.c...
compiling nnom_simple_cell.c...
compiling BayesFunctions.c...
compiling BasicMathFunctions.c...
compiling SVMFunctions.c...
compiling FastMathFunctions.c...
compiling ComplexMathFunctions.c...
compiling ControllerFunctions.c...
compiling DistanceFunctions.c...
compiling StatisticsFunctions.c...
compiling SupportFunctions.c...
compiling arm_nn_activations_q15.c...
compiling arm_nn_activations_q7.c...
compiling arm_relu6_s8.c...
compiling arm_relu_q7.c...
compiling arm_relu_q15.c...
compiling MatrixFunctions.c...
compiling arm_elementwise_mul_s8.c...
compiling arm_concatenation_s8_w.c...
compiling arm_concatenation_s8_x.c...
compiling arm_concatenation_s8_y.c...
compiling arm_concatenation_s8_z.c...
compiling arm_convolve_1_x_n_s8.c...
compiling arm_elementwise_add_s8.c...
compiling CommonTables.c...
compiling arm_convolve_1x1_HWC_q7_fast_nonsquare.c...
compiling arm_convolve_1x1_s8_fast.c...
compiling arm_convolve_HWC_q15_basic.c...
compiling arm_convolve_HWC_q15_fast.c...
compiling arm_convolve_HWC_q7_RGB.c...
compiling arm_convolve_HWC_q15_fast_nonsquare.c...
compiling arm_convolve_HWC_q7_basic.c...
compiling arm_convolve_HWC_q7_basic_nonsquare.c...
compiling arm_convolve_HWC_q7_fast.c...
compiling arm_convolve_HWC_q7_fast_nonsquare.c...
compiling arm_convolve_s8.c...
compiling arm_nn_depthwise_conv_s8_core.c...
compiling arm_depthwise_conv_u8_basic_ver1.c...
compiling arm_depthwise_separable_conv_HWC_q7.c...
compiling arm_depthwise_separable_conv_HWC_q7_nonsquare.c...
compiling arm_nn_mat_mult_kernel_q7_q15.c...
compiling arm_depthwise_conv_3x3_s8.c...
compiling TransformFunctions.c...
compiling arm_depthwise_conv_s8.c...
compiling arm_depthwise_conv_s8_opt.c...
compiling arm_nn_mat_mult_kernel_q7_q15_reordered.c...
compiling arm_nn_mat_mult_s8.c...
compiling arm_fully_connected_mat_q7_vec_q15.c...
compiling arm_fully_connected_mat_q7_vec_q15_opt.c...
compiling arm_fully_connected_q15_opt.c...
compiling arm_nn_mat_mult_kernel_s8_s16.c...
compiling arm_fully_connected_q15.c...
compiling arm_fully_connected_q7.c...
compiling arm_nn_mat_mult_kernel_s8_s16_reordered.c...
compiling arm_fully_connected_s8.c...
compiling arm_fully_connected_q7_opt.c...
compiling arm_nn_accumulate_q7_to_q15.c...
C:\Users\Work\AppData\Local\Arm\Packs\ARM\CMSIS\5.7.0\CMSIS\NN\Source\NNSupportFunctions\arm_nn_accumulate_q7_to_q15.c(85): warning:  #1-D: last line of file ends without a newline
   */
C:\Users\Work\AppData\Local\Arm\Packs\ARM\CMSIS\5.7.0\CMSIS\NN\Source\NNSupportFunctions\arm_nn_accumulate_q7_to_q15.c: 1 warning, 0 errors
compiling arm_nn_add_q7.c...
C:\Users\Work\AppData\Local\Arm\Packs\ARM\CMSIS\5.7.0\CMSIS\NN\Source\NNSupportFunctions\arm_nn_add_q7.c(81): warning:  #1-D: last line of file ends without a newline
   */
C:\Users\Work\AppData\Local\Arm\Packs\ARM\CMSIS\5.7.0\CMSIS\NN\Source\NNSupportFunctions\arm_nn_add_q7.c: 1 warning, 0 errors
compiling arm_nn_mat_mul_core_1x_s8.c...
compiling arm_nn_mat_mul_core_4x_s8.c...
compiling arm_nn_mult_q15.c...
compiling arm_nn_mult_q7.c...
compiling arm_nntables.c...
compiling arm_q7_to_q15_no_shift.c...
compiling arm_q7_to_q15_reordered_no_shift.c...
compiling arm_q7_to_q15_reordered_with_offset.c...
compiling arm_q7_to_q15_with_offset.c...
compiling arm_nn_vec_mat_mult_t_s8.c...
C:\Users\Work\AppData\Local\Arm\Packs\ARM\CMSIS\5.7.0\CMSIS\NN\Source\NNSupportFunctions\arm_nn_vec_mat_mult_t_s8.c(356): warning:  #1-D: last line of file ends without a newline
   */
C:\Users\Work\AppData\Local\Arm\Packs\ARM\CMSIS\5.7.0\CMSIS\NN\Source\NNSupportFunctions\arm_nn_vec_mat_mult_t_s8.c: 1 warning, 0 errors
compiling arm_avgpool_s8.c...
compiling arm_max_pool_s8.c...
compiling arm_nn_mat_mult_nt_t_s8.c...
compiling arm_reshape_s8.c...
C:\Users\Work\AppData\Local\Arm\Packs\ARM\CMSIS\5.7.0\CMSIS\NN\Source\ReshapeFunctions\arm_reshape_s8.c(58): warning:  #1-D: last line of file ends without a newline
   */
C:\Users\Work\AppData\Local\Arm\Packs\ARM\CMSIS\5.7.0\CMSIS\NN\Source\ReshapeFunctions\arm_reshape_s8.c: 1 warning, 0 errors
compiling arm_softmax_q15.c...
compiling arm_max_pool_s8_opt.c...
compiling arm_pool_q7_HWC.c...
compiling FilteringFunctions.c...
compiling arm_softmax_q7.c...
compiling retarget_io.c...
compiling arm_softmax_with_batch_q7.c...
compiling arm_softmax_s8.c...
C:\Users\Work\AppData\Local\Arm\Packs\ARM\CMSIS\5.7.0\CMSIS\NN\Source\SoftmaxFunctions\arm_softmax_s8.c(234): warning:  #61-D: integer operation result is out of range
          const int32_t shifted_scale = ONE_OVER1((sum << headroom) - (1 << 31));
C:\Users\Work\AppData\Local\Arm\Packs\ARM\CMSIS\5.7.0\CMSIS\NN\Source\SoftmaxFunctions\arm_softmax_s8.c: 1 warning, 0 errors
compiling arm_softmax_u8.c...
C:\Users\Work\AppData\Local\Arm\Packs\ARM\CMSIS\5.7.0\CMSIS\NN\Source\SoftmaxFunctions\arm_softmax_u8.c(80): warning:  #61-D: integer operation result is out of range
          const int32_t shifted_scale = ONE_OVER1((sum << headroom) - (1 << 31));
C:\Users\Work\AppData\Local\Arm\Packs\ARM\CMSIS\5.7.0\CMSIS\NN\Source\SoftmaxFunctions\arm_softmax_u8.c(101): warning:  #1-D: last line of file ends without a newline
   */
C:\Users\Work\AppData\Local\Arm\Packs\ARM\CMSIS\5.7.0\CMSIS\NN\Source\SoftmaxFunctions\arm_softmax_u8.c: 2 warnings, 0 errors
linking...
Program Size: Code=28236 RO-data=109992 RW-data=228 ZI-data=17660  
"STM32F723E-Discovery\STM32F723E-Discovery.axf" - 0 Error(s), 15 Warning(s).

<h2>Software Packages used:</h2>

Package Vendor: ARM
                http://www.keil.com/pack/ARM.CMSIS.5.7.0.pack
                ARM.CMSIS.5.7.0
                CMSIS (Cortex Microcontroller Software Interface Standard)
   * Component: CORE Version: 5.4.0
   * Component: DSP Variant: Source Version: 1.8.0
   * Component: NN Lib Version: 1.3.0

Package Vendor: Keil
                http://www.keil.com/pack/Keil.ARM_Compiler.1.6.3.pack
                Keil.ARM_Compiler.1.6.3
                Keil ARM Compiler extensions for ARM Compiler 5 and ARM Compiler 6
   * Component: STDERR Variant: ITM Version: 1.2.0
   * Component: STDIN Variant: ITM Version: 1.2.0
   * Component: STDOUT Variant: ITM Version: 1.2.0

Package Vendor: Keil
                http://www.keil.com/pack/Keil.STM32F7xx_DFP.2.14.0.pack
                Keil.STM32F7xx_DFP.2.14.0
                STMicroelectronics STM32F7 Series Device Support, Drivers and Examples

<h2>Collection of Component include folders:</h2>
  .\RTE\_STM32F723E-Discovery
  C:\Users\Work\AppData\Local\Arm\Packs\ARM\CMSIS\5.7.0\CMSIS\Core\Include
  C:\Users\Work\AppData\Local\Arm\Packs\ARM\CMSIS\5.7.0\CMSIS\DSP\Include
  C:\Users\Work\AppData\Local\Arm\Packs\ARM\CMSIS\5.7.0\CMSIS\DSP\PrivateInclude
  C:\Users\Work\AppData\Local\Arm\Packs\ARM\CMSIS\5.7.0\CMSIS\NN\Include
  C:\Users\Work\AppData\Local\Arm\Packs\Keil\STM32F7xx_DFP\2.14.0\Drivers\CMSIS\Device\ST\STM32F7xx\Include

<h2>Collection of Component Files used:</h2>

   * Component: ARM::CMSIS:CORE:5.4.0

   * Component: ARM::CMSIS:DSP:Source:1.8.0
      Source file:   CMSIS\DSP\Source\SVMFunctions\SVMFunctions.c
      Source file:   CMSIS\DSP\Source\TransformFunctions\TransformFunctions.c
      Source file:   CMSIS\DSP\Source\SupportFunctions\SupportFunctions.c
      Source file:   CMSIS\DSP\Source\ControllerFunctions\ControllerFunctions.c
      Source file:   CMSIS\DSP\Source\CommonTables\CommonTables.c
      Source file:   CMSIS\DSP\Source\StatisticsFunctions\StatisticsFunctions.c
      Source file:   CMSIS\DSP\Source\FilteringFunctions\FilteringFunctions.c
      Source file:   CMSIS\DSP\Source\MatrixFunctions\MatrixFunctions.c
      Source file:   CMSIS\DSP\Source\DistanceFunctions\DistanceFunctions.c
      Source file:   CMSIS\DSP\Source\BayesFunctions\BayesFunctions.c
      Include file:  CMSIS\DSP\Include\arm_math.h
      Source file:   CMSIS\DSP\Source\BasicMathFunctions\BasicMathFunctions.c
      Source file:   CMSIS\DSP\Source\ComplexMathFunctions\ComplexMathFunctions.c
      Source file:   CMSIS\DSP\Source\FastMathFunctions\FastMathFunctions.c

   * Component: ARM::CMSIS:NN Lib:1.3.0
      Include file:  CMSIS\NN\Include\arm_nnsupportfunctions.h
      Include file:  CMSIS\NN\Include\arm_nn_tables.h
      Source file:   CMSIS\NN\Source\ConvolutionFunctions\arm_convolve_HWC_q7_fast_nonsquare.c
      Source file:   CMSIS\NN\Source\ConvolutionFunctions\arm_convolve_HWC_q7_fast.c
      Source file:   CMSIS\NN\Source\ConvolutionFunctions\arm_convolve_HWC_q7_RGB.c
      Include file:  CMSIS\NN\Include\arm_nnfunctions.h
      Source file:   CMSIS\NN\Source\ConvolutionFunctions\arm_convolve_1_x_n_s8.c
      Source file:   CMSIS\NN\Source\ConcatenationFunctions\arm_concatenation_s8_y.c
      Source file:   CMSIS\NN\Source\ConcatenationFunctions\arm_concatenation_s8_x.c
      Source file:   CMSIS\NN\Source\ConvolutionFunctions\arm_depthwise_separable_conv_HWC_q7_nonsquare.c
      Source file:   CMSIS\NN\Source\ConvolutionFunctions\arm_depthwise_conv_3x3_s8.c
      Source file:   CMSIS\NN\Source\ConvolutionFunctions\arm_depthwise_conv_s8_opt.c
      Source file:   CMSIS\NN\Source\ConvolutionFunctions\arm_convolve_s8.c
      Source file:   CMSIS\NN\Source\ConvolutionFunctions\arm_convolve_HWC_q15_fast.c
      Source file:   CMSIS\NN\Source\ConvolutionFunctions\arm_nn_depthwise_conv_s8_core.c
      Source file:   CMSIS\NN\Source\ConvolutionFunctions\arm_depthwise_conv_s8.c
      Source file:   CMSIS\NN\Source\ConvolutionFunctions\arm_convolve_1x1_HWC_q7_fast_nonsquare.c
      Source file:   CMSIS\NN\Source\PoolingFunctions\arm_max_pool_s8.c
      Source file:   CMSIS\NN\Source\PoolingFunctions\arm_avgpool_s8.c
      Source file:   CMSIS\NN\Source\PoolingFunctions\arm_pool_q7_HWC.c
      Source file:   CMSIS\NN\Source\ConcatenationFunctions\arm_concatenation_s8_w.c
      Source file:   CMSIS\NN\Source\BasicMathFunctions\arm_elementwise_add_s8.c
      Source file:   CMSIS\NN\Source\ConvolutionFunctions\arm_convolve_HWC_q7_basic_nonsquare.c
      Source file:   CMSIS\NN\Source\ActivationFunctions\arm_relu6_s8.c
      Source file:   CMSIS\NN\Source\ConvolutionFunctions\arm_convolve_HWC_q15_basic.c
      Source file:   CMSIS\NN\Source\ConvolutionFunctions\arm_convolve_1x1_s8_fast.c
      Source file:   CMSIS\NN\Source\ConvolutionFunctions\arm_depthwise_conv_u8_basic_ver1.c
      Source file:   CMSIS\NN\Source\ConvolutionFunctions\arm_convolve_HWC_q7_basic.c
      Source file:   CMSIS\NN\Source\ConvolutionFunctions\arm_nn_mat_mult_kernel_q7_q15_reordered.c
      Source file:   CMSIS\NN\Source\PoolingFunctions\arm_max_pool_s8_opt.c
      Source file:   CMSIS\NN\Source\BasicMathFunctions\arm_elementwise_mul_s8.c
      Source file:   CMSIS\NN\Source\ConcatenationFunctions\arm_concatenation_s8_z.c
      Source file:   CMSIS\NN\Source\ConvolutionFunctions\arm_nn_mat_mult_s8.c
      Source file:   CMSIS\NN\Source\ActivationFunctions\arm_relu_q15.c
      Source file:   CMSIS\NN\Source\ConvolutionFunctions\arm_nn_mat_mult_kernel_s8_s16_reordered.c
      Source file:   CMSIS\NN\Source\ConvolutionFunctions\arm_depthwise_separable_conv_HWC_q7.c
      Source file:   CMSIS\NN\Source\ConvolutionFunctions\arm_nn_mat_mult_kernel_q7_q15.c
      Source file:   CMSIS\NN\Source\ConvolutionFunctions\arm_nn_mat_mult_kernel_s8_s16.c
      Source file:   CMSIS\NN\Source\ConvolutionFunctions\arm_convolve_HWC_q15_fast_nonsquare.c
      Source file:   CMSIS\NN\Source\FullyConnectedFunctions\arm_fully_connected_mat_q7_vec_q15_opt.c
      Source file:   CMSIS\NN\Source\NNSupportFunctions\arm_nn_mult_q15.c
      Source file:   CMSIS\NN\Source\ActivationFunctions\arm_relu_q7.c
      Source file:   CMSIS\NN\Source\ReshapeFunctions\arm_reshape_s8.c
      Source file:   CMSIS\NN\Source\FullyConnectedFunctions\arm_fully_connected_q7_opt.c
      Source file:   CMSIS\NN\Source\SoftmaxFunctions\arm_softmax_s8.c
      Source file:   CMSIS\NN\Source\NNSupportFunctions\arm_nn_add_q7.c
      Source file:   CMSIS\NN\Source\NNSupportFunctions\arm_nn_mat_mult_nt_t_s8.c
      Source file:   CMSIS\NN\Source\NNSupportFunctions\arm_nn_mat_mul_core_1x_s8.c
      Source file:   CMSIS\NN\Source\NNSupportFunctions\arm_q7_to_q15_with_offset.c
      Source file:   CMSIS\NN\Source\NNSupportFunctions\arm_q7_to_q15_reordered_no_shift.c
      Source file:   CMSIS\NN\Source\NNSupportFunctions\arm_q7_to_q15_reordered_with_offset.c
      Source file:   CMSIS\NN\Source\NNSupportFunctions\arm_nn_vec_mat_mult_t_s8.c
      Source file:   CMSIS\NN\Source\NNSupportFunctions\arm_nn_accumulate_q7_to_q15.c
      Source file:   CMSIS\NN\Source\NNSupportFunctions\arm_nntables.c
      Source file:   CMSIS\NN\Source\FullyConnectedFunctions\arm_fully_connected_q15_opt.c
      Source file:   CMSIS\NN\Source\FullyConnectedFunctions\arm_fully_connected_q15.c
      Source file:   CMSIS\NN\Source\ActivationFunctions\arm_nn_activations_q7.c
      Source file:   CMSIS\NN\Source\NNSupportFunctions\arm_q7_to_q15_no_shift.c
      Source file:   CMSIS\NN\Source\FullyConnectedFunctions\arm_fully_connected_q7.c
      Source file:   CMSIS\NN\Source\NNSupportFunctions\arm_nn_mult_q7.c
      Source file:   CMSIS\NN\Source\NNSupportFunctions\arm_nn_mat_mul_core_4x_s8.c
      Source file:   CMSIS\NN\Source\SoftmaxFunctions\arm_softmax_q15.c
      Source file:   CMSIS\NN\Source\FullyConnectedFunctions\arm_fully_connected_mat_q7_vec_q15.c
      Source file:   CMSIS\NN\Source\ActivationFunctions\arm_nn_activations_q15.c
      Source file:   CMSIS\NN\Source\SoftmaxFunctions\arm_softmax_q7.c
      Source file:   CMSIS\NN\Source\FullyConnectedFunctions\arm_fully_connected_s8.c
      Source file:   CMSIS\NN\Source\SoftmaxFunctions\arm_softmax_u8.c
      Source file:   CMSIS\NN\Source\SoftmaxFunctions\arm_softmax_with_batch_q7.c

   * Component: Keil.ARM Compiler::Compiler:I/O:STDERR:ITM:1.2.0
      Source file:   Source\retarget_io.c

   * Component: Keil.ARM Compiler::Compiler:I/O:STDIN:ITM:1.2.0
      Source file:   Source\retarget_io.c

   * Component: Keil.ARM Compiler::Compiler:I/O:STDOUT:ITM:1.2.0
      Source file:   Source\retarget_io.c
Build Time Elapsed:  00:00:37
</pre>
</body>
</html>
